Component: ARM Compiler 5.06 update 6 (build 750) Tool: armlink [4d35ed]

==============================================================================

Section Cross References

    startup_stm32f750xx.o(STACK) refers (Special) to heapauxi.o(.text) for __use_two_region_memory
    startup_stm32f750xx.o(HEAP) refers (Special) to heapauxi.o(.text) for __use_two_region_memory
    startup_stm32f750xx.o(RESET) refers (Special) to heapauxi.o(.text) for __use_two_region_memory
    startup_stm32f750xx.o(RESET) refers to startup_stm32f750xx.o(STACK) for __initial_sp
    startup_stm32f750xx.o(RESET) refers to startup_stm32f750xx.o(.text) for Reset_Handler
    startup_stm32f750xx.o(RESET) refers to stm32f7xx_it.o(i.NMI_Handler) for NMI_Handler
    startup_stm32f750xx.o(RESET) refers to stm32f7xx_it.o(i.HardFault_Handler) for HardFault_Handler
    startup_stm32f750xx.o(RESET) refers to stm32f7xx_it.o(i.MemManage_Handler) for MemManage_Handler
    startup_stm32f750xx.o(RESET) refers to stm32f7xx_it.o(i.BusFault_Handler) for BusFault_Handler
    startup_stm32f750xx.o(RESET) refers to stm32f7xx_it.o(i.UsageFault_Handler) for UsageFault_Handler
    startup_stm32f750xx.o(RESET) refers to port.o(.emb_text) for SVC_Handler
    startup_stm32f750xx.o(RESET) refers to stm32f7xx_it.o(i.DebugMon_Handler) for DebugMon_Handler
    startup_stm32f750xx.o(RESET) refers to port.o(i.SysTick_Handler) for SysTick_Handler
    startup_stm32f750xx.o(RESET) refers to stm32f7xx_it.o(i.DMA1_Stream1_IRQHandler) for DMA1_Stream1_IRQHandler
    startup_stm32f750xx.o(RESET) refers to stm32f7xx_it.o(i.DMA1_Stream3_IRQHandler) for DMA1_Stream3_IRQHandler
    startup_stm32f750xx.o(RESET) refers to stm32f7xx_it.o(i.TIM1_BRK_TIM9_IRQHandler) for TIM1_BRK_TIM9_IRQHandler
    startup_stm32f750xx.o(RESET) refers to stm32f7xx_it.o(i.TIM1_UP_TIM10_IRQHandler) for TIM1_UP_TIM10_IRQHandler
    startup_stm32f750xx.o(RESET) refers to stm32f7xx_it.o(i.TIM1_TRG_COM_TIM11_IRQHandler) for TIM1_TRG_COM_TIM11_IRQHandler
    startup_stm32f750xx.o(RESET) refers to stm32f7xx_it.o(i.TIM1_CC_IRQHandler) for TIM1_CC_IRQHandler
    startup_stm32f750xx.o(RESET) refers to stm32f7xx_it.o(i.TIM2_IRQHandler) for TIM2_IRQHandler
    startup_stm32f750xx.o(RESET) refers to stm32f7xx_it.o(i.TIM3_IRQHandler) for TIM3_IRQHandler
    startup_stm32f750xx.o(RESET) refers to stm32f7xx_it.o(i.TIM4_IRQHandler) for TIM4_IRQHandler
    startup_stm32f750xx.o(RESET) refers to uart.o(i.USART1_IRQHandler) for USART1_IRQHandler
    startup_stm32f750xx.o(RESET) refers to stm32f7xx_it.o(i.USART2_IRQHandler) for USART2_IRQHandler
    startup_stm32f750xx.o(RESET) refers to imu_task.o(i.USART3_IRQHandler) for USART3_IRQHandler
    startup_stm32f750xx.o(RESET) refers to stm32f7xx_it.o(i.TIM8_BRK_TIM12_IRQHandler) for TIM8_BRK_TIM12_IRQHandler
    startup_stm32f750xx.o(RESET) refers to stm32f7xx_it.o(i.TIM8_UP_TIM13_IRQHandler) for TIM8_UP_TIM13_IRQHandler
    startup_stm32f750xx.o(RESET) refers to stm32f7xx_it.o(i.TIM8_TRG_COM_TIM14_IRQHandler) for TIM8_TRG_COM_TIM14_IRQHandler
    startup_stm32f750xx.o(RESET) refers to stm32f7xx_it.o(i.TIM8_CC_IRQHandler) for TIM8_CC_IRQHandler
    startup_stm32f750xx.o(RESET) refers to stm32f7xx_it.o(i.TIM5_IRQHandler) for TIM5_IRQHandler
    startup_stm32f750xx.o(RESET) refers to openmv.o(i.UART4_IRQHandler) for UART4_IRQHandler
    startup_stm32f750xx.o(RESET) refers to stm32f7xx_it.o(i.UART5_IRQHandler) for UART5_IRQHandler
    startup_stm32f750xx.o(RESET) refers to sin_generate.o(i.TIM6_DAC_IRQHandler) for TIM6_DAC_IRQHandler
    startup_stm32f750xx.o(RESET) refers to delay.o(i.TIM7_IRQHandler) for TIM7_IRQHandler
    startup_stm32f750xx.o(RESET) refers to openmv.o(i.USART6_IRQHandler) for USART6_IRQHandler
    startup_stm32f750xx.o(RESET) refers to qr.o(i.UART7_IRQHandler) for UART7_IRQHandler
    startup_stm32f750xx.o(RESET) refers to stm32f7xx_it.o(i.UART8_IRQHandler) for UART8_IRQHandler
    startup_stm32f750xx.o(.text) refers (Special) to heapauxi.o(.text) for __use_two_region_memory
    startup_stm32f750xx.o(.text) refers to system_stm32f7xx.o(i.SystemInit) for SystemInit
    startup_stm32f750xx.o(.text) refers to __main.o(!!!main) for __main
    startup_stm32f750xx.o(.text) refers to startup_stm32f750xx.o(HEAP) for Heap_Mem
    startup_stm32f750xx.o(.text) refers to startup_stm32f750xx.o(STACK) for Stack_Mem
    freertos.o(i.vApplicationGetIdleTaskMemory) refers to freertos.o(.bss) for .bss
    main.o(i.SystemClock_Config) refers to rt_memclr_w.o(.text) for __aeabi_memclr4
    main.o(i.SystemClock_Config) refers to stm32f7xx_hal_rcc.o(i.HAL_RCC_OscConfig) for HAL_RCC_OscConfig
    main.o(i.SystemClock_Config) refers to stm32f7xx_hal_pwr_ex.o(i.HAL_PWREx_EnableOverDrive) for HAL_PWREx_EnableOverDrive
    main.o(i.SystemClock_Config) refers to stm32f7xx_hal_rcc.o(i.HAL_RCC_ClockConfig) for HAL_RCC_ClockConfig
    main.o(i.main) refers to stm32f7xx_hal.o(i.HAL_Init) for HAL_Init
    main.o(i.main) refers to main.o(i.SystemClock_Config) for SystemClock_Config
[...]
    _memset_w                                0x08000655   Thumb Code     0  rt_memclr_w.o(.text)
    __use_two_region_memory                  0x0800069f   Thumb Code     2  heapauxi.o(.text)
    __rt_heap_escrow$2region                 0x080006a1   Thumb Code     2  heapauxi.o(.text)
    __rt_heap_expand$2region                 0x080006a3   Thumb Code     2  heapauxi.o(.text)
    __aeabi_memmove4                         0x080006a5   Thumb Code     0  rt_memmove_w.o(.text)
    __aeabi_memmove8                         0x080006a5   Thumb Code     0  rt_memmove_w.o(.text)
    __rt_memmove_w                           0x080006a5   Thumb Code   122  rt_memmove_w.o(.text)
    __memmove_aligned                        0x080006cb   Thumb Code     0  rt_memmove_w.o(.text)
    __memmove_lastfew_aligned                0x08000703   Thumb Code     0  rt_memmove_w.o(.text)
    __user_libspace                          0x08000721   Thumb Code     8  libspace.o(.text)
    __user_perproc_libspace                  0x08000721   Thumb Code     0  libspace.o(.text)
    __user_perthread_libspace                0x08000721   Thumb Code     0  libspace.o(.text)
    __user_setup_stackheap                   0x08000729   Thumb Code    74  sys_stackheap_outer.o(.text)
    exit                                     0x08000773   Thumb Code    18  exit.o(.text)
    Barrier_Bridge                           0x080008bd   Thumb Code   378  barrier.o(i.Barrier_Bridge)
    Barrier_Down_HighMountain                0x08000a7d   Thumb Code   618  barrier.o(i.Barrier_Down_HighMountain)
    Barrier_HighMountain                     0x08000d29   Thumb Code   724  barrier.o(i.Barrier_HighMountain)
    Barrier_Hill                             0x08001045   Thumb Code   174  barrier.o(i.Barrier_Hill)
    Barrier_WavedPlate                       0x08001125   Thumb Code   128  barrier.o(i.Barrier_WavedPlate)
    BusFault_Handler                         0x080011bd   Thumb Code     2  stm32f7xx_it.o(i.BusFault_Handler)
    CarBrake                                 0x080011c1   Thumb Code    24  speed_ctrl.o(i.CarBrake)
    Cross                                    0x080011e1   Thumb Code  2114  map.o(i.Cross)
    DMA1_Stream1_IRQHandler                  0x08001a55   Thumb Code     6  stm32f7xx_it.o(i.DMA1_Stream1_IRQHandler)
    DMA1_Stream3_IRQHandler                  0x08001a61   Thumb Code     6  stm32f7xx_it.o(i.DMA1_Stream3_IRQHandler)
    DebugMon_Handler                         0x08001b11   Thumb Code     2  stm32f7xx_it.o(i.DebugMon_Handler)
    Encoder_init                             0x08001b15   Thumb Code   100  encoder.o(i.Encoder_init)
    Error_Handler                            0x08001b8d   Thumb Code     4  main.o(i.Error_Handler)
    Go_Line                                  0x08001b91   Thumb Code   108  scaner.o(i.Go_Line)
    HAL_ADC_ConfigChannel                    0x08001c21   Thumb Code   432  stm32f7xx_hal_adc.o(i.HAL_ADC_ConfigChannel)
    HAL_ADC_Init                             0x08001de1   Thumb Code    84  stm32f7xx_hal_adc.o(i.HAL_ADC_Init)
    HAL_ADC_MspInit                          0x08001e35   Thumb Code    82  adc.o(i.HAL_ADC_MspInit)
    HAL_DMA_Abort                            0x08001e95   Thumb Code   146  stm32f7xx_hal_dma.o(i.HAL_DMA_Abort)
    HAL_DMA_Abort_IT                         0x08001f27   Thumb Code    36  stm32f7xx_hal_dma.o(i.HAL_DMA_Abort_IT)
    HAL_DMA_GetError                         0x08001f4b   Thumb Code     4  stm32f7xx_hal_dma.o(i.HAL_DMA_GetError)
    HAL_DMA_IRQHandler                       0x08001f51   Thumb Code   412  stm32f7xx_hal_dma.o(i.HAL_DMA_IRQHandler)
    HAL_DMA_Init                             0x080020f1   Thumb Code   222  stm32f7xx_hal_dma.o(i.HAL_DMA_Init)
    HAL_DMA_Start_IT                         0x080021d5   Thumb Code   122  stm32f7xx_hal_dma.o(i.HAL_DMA_Start_IT)
    HAL_GPIO_Init                            0x08002251   Thumb Code   530  stm32f7xx_hal_gpio.o(i.HAL_GPIO_Init)
    HAL_GPIO_ReadPin                         0x08002499   Thumb Code    10  stm32f7xx_hal_gpio.o(i.HAL_GPIO_ReadPin)
    HAL_GPIO_TogglePin                       0x080024a3   Thumb Code    16  stm32f7xx_hal_gpio.o(i.HAL_GPIO_TogglePin)
    HAL_GPIO_WritePin                        0x080024b3   Thumb Code    10  stm32f7xx_hal_gpio.o(i.HAL_GPIO_WritePin)
    HAL_GetTick                              0x080024bd   Thumb Code     6  stm32f7xx_hal.o(i.HAL_GetTick)
    HAL_IncTick                              0x080024c9   Thumb Code    12  stm32f7xx_hal.o(i.HAL_IncTick)
    HAL_Init                                 0x080024d9   Thumb Code    22  stm32f7xx_hal.o(i.HAL_Init)
    HAL_InitTick                             0x080024f1   Thumb Code   132  stm32f7xx_hal_timebase_tim.o(i.HAL_InitTick)
    HAL_MspInit                              0x08002589   Thumb Code    42  stm32f7xx_hal_msp.o(i.HAL_MspInit)
    HAL_NVIC_EnableIRQ                       0x080025b9   Thumb Code    26  stm32f7xx_hal_cortex.o(i.HAL_NVIC_EnableIRQ)
    HAL_NVIC_SetPriority                     0x080025d5   Thumb Code    60  stm32f7xx_hal_cortex.o(i.HAL_NVIC_SetPriority)
    HAL_NVIC_SetPriorityGrouping             0x08002615   Thumb Code    28  stm32f7xx_hal_cortex.o(i.HAL_NVIC_SetPriorityGrouping)
    HAL_PWREx_EnableOverDrive                0x08002639   Thumb Code   100  stm32f7xx_hal_pwr_ex.o(i.HAL_PWREx_EnableOverDrive)
    HAL_RCCEx_PeriphCLKConfig                0x080026a5   Thumb Code  1276  stm32f7xx_hal_rcc_ex.o(i.HAL_RCCEx_PeriphCLKConfig)
    HAL_RCC_ClockConfig                      0x08002ba1   Thumb Code   284  stm32f7xx_hal_rcc.o(i.HAL_RCC_ClockConfig)
    HAL_RCC_GetClockConfig                   0x08002cd1   Thumb Code    56  stm32f7xx_hal_rcc.o(i.HAL_RCC_GetClockConfig)
    HAL_RCC_GetPCLK1Freq                     0x08002d11   Thumb Code    20  stm32f7xx_hal_rcc.o(i.HAL_RCC_GetPCLK1Freq)
    HAL_RCC_GetPCLK2Freq                     0x08002d31   Thumb Code    20  stm32f7xx_hal_rcc.o(i.HAL_RCC_GetPCLK2Freq)
    HAL_RCC_GetSysClockFreq                  0x08002d51   Thumb Code    88  stm32f7xx_hal_rcc.o(i.HAL_RCC_GetSysClockFreq)
    HAL_RCC_OscConfig                        0x08002db5   Thumb Code   888  stm32f7xx_hal_rcc.o(i.HAL_RCC_OscConfig)
    HAL_TIMEx_Break2Callback                 0x08003139   Thumb Code     2  stm32f7xx_hal_tim_ex.o(i.HAL_TIMEx_Break2Callback)
    HAL_TIMEx_BreakCallback                  0x0800313b   Thumb Code     2  stm32f7xx_hal_tim_ex.o(i.HAL_TIMEx_BreakCallback)
    HAL_TIMEx_CommutCallback                 0x0800313d   Thumb Code     2  stm32f7xx_hal_tim_ex.o(i.HAL_TIMEx_CommutCallback)
    HAL_TIMEx_ConfigBreakDeadTime            0x08003141   Thumb Code   150  stm32f7xx_hal_tim_ex.o(i.HAL_TIMEx_ConfigBreakDeadTime)
    HAL_TIMEx_MasterConfigSynchronization    0x080031e1   Thumb Code   134  stm32f7xx_hal_tim_ex.o(i.HAL_TIMEx_MasterConfigSynchronization)
    HAL_TIM_Base_Init                        0x08003285   Thumb Code    98  stm32f7xx_hal_tim.o(i.HAL_TIM_Base_Init)
    HAL_TIM_Base_MspInit                     0x080032e9   Thumb Code   246  tim.o(i.HAL_TIM_Base_MspInit)
    HAL_TIM_Base_Start_IT                    0x080033f9   Thumb Code   106  stm32f7xx_hal_tim.o(i.HAL_TIM_Base_Start_IT)
    HAL_TIM_Base_Stop_IT                     0x08003485   Thumb Code    48  stm32f7xx_hal_tim.o(i.HAL_TIM_Base_Stop_IT)
    HAL_TIM_ConfigClockSource                0x080034b5   Thumb Code   220  stm32f7xx_hal_tim.o(i.HAL_TIM_ConfigClockSource)
    HAL_TIM_Encoder_Init                     0x08003595   Thumb Code   182  stm32f7xx_hal_tim.o(i.HAL_TIM_Encoder_Init)
    HAL_TIM_Encoder_MspInit                  0x08003651   Thumb Code   406  tim.o(i.HAL_TIM_Encoder_MspInit)
    HAL_TIM_Encoder_Start                    0x08003809   Thumb Code   142  stm32f7xx_hal_tim.o(i.HAL_TIM_Encoder_Start)
    HAL_TIM_Encoder_Stop                     0x08003897   Thumb Code   112  stm32f7xx_hal_tim.o(i.HAL_TIM_Encoder_Stop)
    HAL_TIM_IC_CaptureCallback               0x08003907   Thumb Code     2  stm32f7xx_hal_tim.o(i.HAL_TIM_IC_CaptureCallback)
    HAL_TIM_IRQHandler                       0x08003909   Thumb Code   386  stm32f7xx_hal_tim.o(i.HAL_TIM_IRQHandler)
    HAL_TIM_MspPostInit                      0x08003a8d   Thumb Code   154  tim.o(i.HAL_TIM_MspPostInit)
    HAL_TIM_OC_DelayElapsedCallback          0x08003b45   Thumb Code     2  stm32f7xx_hal_tim.o(i.HAL_TIM_OC_DelayElapsedCallback)
    HAL_TIM_PWM_ConfigChannel                0x08003b47   Thumb Code   292  stm32f7xx_hal_tim.o(i.HAL_TIM_PWM_ConfigChannel)
    HAL_TIM_PWM_Init                         0x08003c6b   Thumb Code    98  stm32f7xx_hal_tim.o(i.HAL_TIM_PWM_Init)
    HAL_TIM_PWM_MspInit                      0x08003ccd   Thumb Code     2  stm32f7xx_hal_tim.o(i.HAL_TIM_PWM_MspInit)
    HAL_TIM_PWM_PulseFinishedCallback        0x08003ccf   Thumb Code     2  stm32f7xx_hal_tim.o(i.HAL_TIM_PWM_PulseFinishedCallback)
    HAL_TIM_PWM_Start                        0x08003cd1   Thumb Code   216  stm32f7xx_hal_tim.o(i.HAL_TIM_PWM_Start)
    HAL_TIM_PeriodElapsedCallback            0x08003dc9   Thumb Code   194  encoder.o(i.HAL_TIM_PeriodElapsedCallback)
    HAL_TIM_TriggerCallback                  0x08003eb5   Thumb Code     2  stm32f7xx_hal_tim.o(i.HAL_TIM_TriggerCallback)
    HAL_UARTEx_RxEventCallback               0x08003eb7   Thumb Code     2  stm32f7xx_hal_uart.o(i.HAL_UARTEx_RxEventCallback)
    HAL_UART_DMAStop                         0x08003eb9   Thumb Code   140  stm32f7xx_hal_uart.o(i.HAL_UART_DMAStop)
    HAL_UART_ErrorCallback                   0x08003f45   Thumb Code     2  stm32f7xx_hal_uart.o(i.HAL_UART_ErrorCallback)
    HAL_UART_GetState                        0x08003f47   Thumb Code    12  stm32f7xx_hal_uart.o(i.HAL_UART_GetState)
    HAL_UART_IRQHandler                      0x08003f55   Thumb Code   654  stm32f7xx_hal_uart.o(i.HAL_UART_IRQHandler)
    HAL_UART_Init                            0x080041ed   Thumb Code   102  stm32f7xx_hal_uart.o(i.HAL_UART_Init)
    HAL_UART_MspInit                         0x08004255   Thumb Code   976  usart.o(i.HAL_UART_MspInit)
    HAL_UART_Receive_DMA                     0x08004665   Thumb Code    60  stm32f7xx_hal_uart.o(i.HAL_UART_Receive_DMA)
    HAL_UART_Receive_IT                      0x080046a1   Thumb Code    60  stm32f7xx_hal_uart.o(i.HAL_UART_Receive_IT)
    HAL_UART_RxCpltCallback                  0x080046dd   Thumb Code    76  uart.o(i.HAL_UART_RxCpltCallback)
    HAL_UART_RxHalfCpltCallback              0x08004735   Thumb Code     2  stm32f7xx_hal_uart.o(i.HAL_UART_RxHalfCpltCallback)
    HAL_UART_Transmit                        0x08004737   Thumb Code   162  stm32f7xx_hal_uart.o(i.HAL_UART_Transmit)
    HAL_UART_TxCpltCallback                  0x080047d9   Thumb Code     2  stm32f7xx_hal_uart.o(i.HAL_UART_TxCpltCallback)
    HardFault_Handler                        0x080047db   Thumb Code     2  stm32f7xx_it.o(i.HardFault_Handler)
    IIC_Ack                                  0x080047dd   Thumb Code    70  iic.o(i.IIC_Ack)
    IIC_Init                                 0x08004829   Thumb Code    72  iic.o(i.IIC_Init)
    IIC_NAck                                 0x08004879   Thumb Code    70  iic.o(i.IIC_NAck)
    IIC_Read_Byte                            0x080048c5   Thumb Code   106  iic.o(i.IIC_Read_Byte)
    IIC_Send_Byte                            0x08004935   Thumb Code   106  iic.o(i.IIC_Send_Byte)
    IIC_Start                                0x080049a5   Thumb Code    70  iic.o(i.IIC_Start)
    IIC_Stop                                 0x080049f1   Thumb Code    72  iic.o(i.IIC_Stop)
    IIC_Wait_Ack                             0x08004a3d   Thumb Code    96  iic.o(i.IIC_Wait_Ack)
    Line_Scan                                0x08004aa1   Thumb Code   620  scaner.o(i.Line_Scan)
    MX_ADC1_Init                             0x08004d1d   Thumb Code    86  adc.o(i.MX_ADC1_Init)
    MX_DMA_Init                              0x08004d81   Thumb Code    56  dma.o(i.MX_DMA_Init)
    MX_FREERTOS_Init                         0x08004dbd   Thumb Code     2  freertos.o(i.MX_FREERTOS_Init)
    MX_GPIO_Init                             0x08004dc1   Thumb Code   322  gpio.o(i.MX_GPIO_Init)
    MX_TIM11_Init                            0x08004f1d   Thumb Code    46  tim.o(i.MX_TIM11_Init)
    MX_TIM1_Init                             0x08004f55   Thumb Code   104  tim.o(i.MX_TIM1_Init)
    MX_TIM2_Init                             0x08004fc5   Thumb Code   100  tim.o(i.MX_TIM2_Init)
    MX_TIM3_Init                             0x0800502d   Thumb Code   100  tim.o(i.MX_TIM3_Init)
    MX_TIM4_Init                             0x08005099   Thumb Code   194  tim.o(i.MX_TIM4_Init)
    MX_TIM5_Init                             0x08005165   Thumb Code   100  tim.o(i.MX_TIM5_Init)
    MX_TIM8_Init                             0x080051d1   Thumb Code   222  tim.o(i.MX_TIM8_Init)
    MX_TIM9_Init                             0x080052b9   Thumb Code   138  tim.o(i.MX_TIM9_Init)
    MX_UART5_Init                            0x0800534d   Thumb Code    52  usart.o(i.MX_UART5_Init)
    MX_UART7_Init                            0x08005389   Thumb Code    52  usart.o(i.MX_UART7_Init)
    MX_UART8_Init                            0x080053c5   Thumb Code    52  usart.o(i.MX_UART8_Init)
    MX_USART2_UART_Init                      0x08005401   Thumb Code    52  usart.o(i.MX_USART2_UART_Init)
    MX_USART3_UART_Init                      0x0800543d   Thumb Code    52  usart.o(i.MX_USART3_UART_Init)
    MemManage_Handler                        0x08005479   Thumb Code     2  stm32f7xx_it.o(i.MemManage_Handler)
    NMI_Handler                              0x0800547b   Thumb Code     2  stm32f7xx_it.o(i.NMI_Handler)
    QQB_1                                    0x0800547d   Thumb Code   862  barrier.o(i.QQB_1)
    QR_receive_init                          0x0800584d   Thumb Code    22  qr.o(i.QR_receive_init)
    Rudder_Init                              0x0800586d   Thumb Code   116  rudder_control.o(i.Rudder_Init)
    Rudder_ReadOneByte                       0x080058e9   Thumb Code    58  rudder_control.o(i.Rudder_ReadOneByte)
    Rudder_WriteOneByte                      0x08005923   Thumb Code    54  rudder_control.o(i.Rudder_WriteOneByte)
    Rudder_control                           0x08005959   Thumb Code    66  rudder_control.o(i.Rudder_control)
    SDA                                      0x0800599d   Thumb Code    66  iic.o(i.SDA)
    S_curve                                  0x080059e5   Thumb Code   230  barrier.o(i.S_curve)
    South_Pole                               0x08005b01   Thumb Code   568  barrier.o(i.South_Pole)
    Special_Node                             0x08005d7d   Thumb Code   348  barrier.o(i.Special_Node)
    Stage                                    0x08005ef9   Thumb Code   552  barrier.o(i.Stage)
    Stage_P2                                 0x08006161   Thumb Code   138  barrier.o(i.Stage_P2)
    Stage_turn_Angle                         0x0800620d   Thumb Code   230  turn.o(i.Stage_turn_Angle)
    Start_task                               0x0800631d   Thumb Code    30  temporary_task.o(i.Start_task)
    Start_task_create                        0x08006341   Thumb Code    24  task_create.o(i.Start_task_create)
    Sword_Mountain                           0x0800636d   Thumb Code   212  barrier.o(i.Sword_Mountain)
    SysTick_Handler                          0x08006471   Thumb Code    42  port.o(i.SysTick_Handler)
    SystemClock_Config                       0x080064a1   Thumb Code   150  main.o(i.SystemClock_Config)
    SystemInit                               0x08006541   Thumb Code    12  system_stm32f7xx.o(i.SystemInit)
    TIM1_BRK_TIM9_IRQHandler                 0x08006551   Thumb Code    18  stm32f7xx_it.o(i.TIM1_BRK_TIM9_IRQHandler)
    TIM1_CC_IRQHandler                       0x0800656d   Thumb Code     6  stm32f7xx_it.o(i.TIM1_CC_IRQHandler)
    TIM1_TRG_COM_TIM11_IRQHandler            0x08006579   Thumb Code    18  stm32f7xx_it.o(i.TIM1_TRG_COM_TIM11_IRQHandler)
    TIM1_UP_TIM10_IRQHandler                 0x08006595   Thumb Code     6  stm32f7xx_it.o(i.TIM1_UP_TIM10_IRQHandler)
    TIM2_IRQHandler                          0x080065a1   Thumb Code     6  stm32f7xx_it.o(i.TIM2_IRQHandler)
    TIM3_IRQHandler                          0x080065ad   Thumb Code     6  stm32f7xx_it.o(i.TIM3_IRQHandler)
    TIM4_IRQHandler                          0x080065b9   Thumb Code     6  stm32f7xx_it.o(i.TIM4_IRQHandler)
    TIM5_IRQHandler                          0x080065c5   Thumb Code     6  stm32f7xx_it.o(i.TIM5_IRQHandler)
    TIM6_DAC_IRQHandler                      0x080065d1   Thumb Code    28  sin_generate.o(i.TIM6_DAC_IRQHandler)
    TIM7_IRQHandler                          0x080065f5   Thumb Code    58  delay.o(i.TIM7_IRQHandler)
    TIM8_BRK_TIM12_IRQHandler                0x0800663d   Thumb Code     6  stm32f7xx_it.o(i.TIM8_BRK_TIM12_IRQHandler)
    TIM8_CC_IRQHandler                       0x08006649   Thumb Code     6  stm32f7xx_it.o(i.TIM8_CC_IRQHandler)
    TIM8_TRG_COM_TIM14_IRQHandler            0x08006655   Thumb Code    18  stm32f7xx_it.o(i.TIM8_TRG_COM_TIM14_IRQHandler)
    TIM8_UP_TIM13_IRQHandler                 0x08006671   Thumb Code     6  stm32f7xx_it.o(i.TIM8_UP_TIM13_IRQHandler)
    TIM_Base_SetConfig                       0x0800667d   Thumb Code   158  stm32f7xx_hal_tim.o(i.TIM_Base_SetConfig)
    TIM_CCxChannelCmd                        0x08006749   Thumb Code    26  stm32f7xx_hal_tim.o(i.TIM_CCxChannelCmd)
    TIM_ETR_SetConfig                        0x08006763   Thumb Code    18  stm32f7xx_hal_tim.o(i.TIM_ETR_SetConfig)
    TIM_OC2_SetConfig                        0x080067f9   Thumb Code   108  stm32f7xx_hal_tim.o(i.TIM_OC2_SetConfig)
    Timer6_Init                              0x08006a39   Thumb Code    72  sin_generate.o(i.Timer6_Init)
    Turn_Angle                               0x08006a8d   Thumb Code   176  turn.o(i.Turn_Angle)
    Turn_Angle360                            0x08006b59   Thumb Code   144  turn.o(i.Turn_Angle360)
    Turn_Angle_Relative                      0x08006bf9   Thumb Code    64  turn.o(i.Turn_Angle_Relative)
    UART4_IRQHandler                         0x08006c49   Thumb Code   212  openmv.o(i.UART4_IRQHandler)
    UART5_IRQHandler                         0x08006d29   Thumb Code     6  stm32f7xx_it.o(i.UART5_IRQHandler)
    UART7_IRQHandler                         0x08006d35   Thumb Code   176  qr.o(i.UART7_IRQHandler)
    UART8_IRQHandler                         0x08006df1   Thumb Code     6  stm32f7xx_it.o(i.UART8_IRQHandler)
    UART_AdvFeatureConfig                    0x08006dfd   Thumb Code   200  stm32f7xx_hal_uart.o(i.UART_AdvFeatureConfig)
    UART_CheckIdleState                      0x08006ec5   Thumb Code    68  stm32f7xx_hal_uart.o(i.UART_CheckIdleState)
    UART_SetConfig                           0x080071b9   Thumb Code   516  stm32f7xx_hal_uart.o(i.UART_SetConfig)
    UART_Start_Receive_DMA                   0x080073e9   Thumb Code   146  stm32f7xx_hal_uart.o(i.UART_Start_Receive_DMA)
    UART_Start_Receive_IT                    0x08007489   Thumb Code   174  stm32f7xx_hal_uart.o(i.UART_Start_Receive_IT)
    UART_WaitOnFlagUntilTimeout              0x08007541   Thumb Code   202  stm32f7xx_hal_uart.o(i.UART_WaitOnFlagUntilTimeout)
    USART1_IRQHandler                        0x0800760d   Thumb Code    56  uart.o(i.USART1_IRQHandler)
    USART2_IRQHandler                        0x08007651   Thumb Code     6  stm32f7xx_it.o(i.USART2_IRQHandler)
    USART3_IRQHandler                        0x0800765d   Thumb Code   222  imu_task.o(i.USART3_IRQHandler)
    USART6_IRQHandler                        0x0800775d   Thumb Code    64  openmv.o(i.USART6_IRQHandler)
    UsageFault_Handler                       0x080077a5   Thumb Code     2  stm32f7xx_it.o(i.UsageFault_Handler)
    _sys_exit                                0x080077c9   Thumb Code     2  uart.o(i._sys_exit)
    back                                     0x080077cd   Thumb Code   112  barrier.o(i.back)
    bofang_zhiding                           0x08007861   Thumb Code    68  openmv.o(i.bofang_zhiding)
    buzzer_off                               0x080078b1   Thumb Code    22  bsp_buzzer.o(i.buzzer_off)
    buzzer_on                                0x080078cd   Thumb Code    24  bsp_buzzer.o(i.buzzer_on)
    check_BW                                 0x080078e9   Thumb Code    82  qr.o(i.check_BW)
    close_mv                                 0x08007941   Thumb Code    30  openmv.o(i.close_mv)
    close_mvR                                0x08007969   Thumb Code    30  openmv.o(i.close_mvR)
    deal_arrive                              0x08007991   Thumb Code   350  map.o(i.deal_arrive)
    delay_init                               0x08007afd   Thumb Code    76  delay.o(i.delay_init)
    delay_ms                                 0x08007b55   Thumb Code    28  delay.o(i.delay_ms)
    delay_us                                 0x08007b71   Thumb Code    14  delay.o(i.delay_us)
    door                                     0x08007b85   Thumb Code  1270  barrier.o(i.door)
    encoder_clear                            0x08008089   Thumb Code   218  encoder.o(i.encoder_clear)
    getAngleZ                                0x0800817d   Thumb Code    50  turn.o(i.getAngleZ)
    getNextConnectNode                       0x080081c1   Thumb Code    42  map.o(i.getNextConnectNode)
    get_Infrared                             0x080081f9   Thumb Code   130  bsp_linefollower.o(i.get_Infrared)
    get_detail                               0x0800828d   Thumb Code   220  scaner.o(i.get_detail)
    get_motor_speed                          0x0800837d   Thumb Code    60  motor_task.o(i.get_motor_speed)
    get_newroute                             0x080083cd   Thumb Code   738  barrier.o(i.get_newroute)
    getline_error                            0x080086c9   Thumb Code    28  scaner.o(i.getline_error)
    gradual_cal                              0x080086ed   Thumb Code    82  speed_ctrl.o(i.gradual_cal)
    ignore_node                              0x08008741   Thumb Code    16  barrier.o(i.ignore_node)
    imu_receive_init                         0x08008755   Thumb Code    22  imu_task.o(i.imu_receive_init)
    incremental_PID                          0x08008775   Thumb Code   176  pid.o(i.incremental_PID)
    main                                     0x08008829   Thumb Code   166  main.o(i.main)
    main_task                                0x080088dd   Thumb Code   122  main_task.o(i.main_task)
    main_task_create                         0x08008965   Thumb Code    26  task_create.o(i.main_task_create)
    mapInit                                  0x08008995   Thumb Code    78  map.o(i.mapInit)
    mapInit1                                 0x080089f9   Thumb Code    42  map.o(i.mapInit1)
    map_function                             0x08008a31   Thumb Code   120  map.o(i.map_function)
    motor_init                               0x08008ab9   Thumb Code    74  motor.o(i.motor_init)
    motor_pid_clear                          0x08008b11   Thumb Code    86  pid.o(i.motor_pid_clear)
    motor_set_pwm                            0x08008b6d   Thumb Code   146  motor.o(i.motor_set_pwm)
    motor_task                               0x08008c0d   Thumb Code   714  motor_task.o(i.motor_task)
    motor_task_create                        0x08008f39   Thumb Code    26  motor_task.o(i.motor_task_create)
    mpuZreset                                0x08008f69   Thumb Code    14  turn.o(i.mpuZreset)
    mvR_init                                 0x08008f7d   Thumb Code    48  openmv.o(i.mvR_init)
    mv_init                                  0x08008fb5   Thumb Code    48  openmv.o(i.mv_init)
    need2turn                                0x08008fed   Thumb Code    40  turn.o(i.need2turn)
    open_mv                                  0x08009021   Thumb Code    24  openmv.o(i.open_mv)
    open_mvR                                 0x0800903d   Thumb Code    24  openmv.o(i.open_mvR)
    osKernelStart                            0x08009059   Thumb Code    10  cmsis_os.o(i.osKernelStart)
    pid_init                                 0x08009065   Thumb Code   278  pid.o(i.pid_init)
    pid_mode_switch                          0x080091a9   Thumb Code   202  motor_task.o(i.pid_mode_switch)
    positional_PID                           0x0800928d   Thumb Code   156  pid.o(i.positional_PID)
    pvPortMalloc                             0x0800968d   Thumb Code   222  heap_4.o(i.pvPortMalloc)
    pxPortInitialiseStack                    0x08009771   Thumb Code    42  port.o(i.pxPortInitialiseStack)
    route_reset                              0x080097a1   Thumb Code  1154  barrier.o(i.route_reset)
    runWithAngle                             0x08009c29   Thumb Code   130  turn.o(i.runWithAngle)
    uart_init                                0x08009cc1   Thumb Code    44  uart.o(i.uart_init)
    undermou                                 0x08009cf9   Thumb Code   122  barrier.o(i.undermou)
    user_init                                0x08009d95   Thumb Code   112  temporary_task.o(i.user_init)
    uxListRemove                             0x08009e0d   Thumb Code    38  list.o(i.uxListRemove)
    vApplicationGetIdleTaskMemory            0x08009e35   Thumb Code    18  freertos.o(i.vApplicationGetIdleTaskMemory)
    vListInitialise                          0x08009e4d   Thumb Code    22  list.o(i.vListInitialise)
    vListInitialiseItem                      0x08009e63   Thumb Code     6  list.o(i.vListInitialiseItem)
    vListInsert                              0x08009e69   Thumb Code    48  list.o(i.vListInsert)
    vListInsertEnd                           0x08009e99   Thumb Code    24  list.o(i.vListInsertEnd)
    vPortEnterCritical                       0x08009eb1   Thumb Code    62  port.o(i.vPortEnterCritical)
    vPortExitCritical                        0x08009ef9   Thumb Code    38  port.o(i.vPortExitCritical)
    vPortFree                                0x08009f25   Thumb Code    96  heap_4.o(i.vPortFree)
    vPortSetupTimerInterrupt                 0x08009f89   Thumb Code    32  port.o(i.vPortSetupTimerInterrupt)
    vTaskDelay                               0x08009fad   Thumb Code    70  tasks.o(i.vTaskDelay)
    vTaskDelayUntil                          0x08009ffd   Thumb Code   144  tasks.o(i.vTaskDelayUntil)
    vTaskDelete                              0x0800a095   Thumb Code   162  tasks.o(i.vTaskDelete)
    vTaskStartScheduler                      0x0800a145   Thumb Code    94  tasks.o(i.vTaskStartScheduler)
    vTaskSuspendAll                          0x0800a1b5   Thumb Code    10  tasks.o(i.vTaskSuspendAll)
    vTaskSwitchContext                       0x0800a1c5   Thumb Code    86  tasks.o(i.vTaskSwitchContext)
    view                                     0x0800a225   Thumb Code   174  barrier.o(i.view)
    view1                                    0x0800a2f1   Thumb Code    52  barrier.o(i.view1)
    xPortStartScheduler                      0x0800a32d   Thumb Code   176  port.o(i.xPortStartScheduler)
    xTaskCreate                              0x0800a3ed   Thumb Code    90  tasks.o(i.xTaskCreate)
    xTaskCreateStatic                        0x0800a447   Thumb Code    94  tasks.o(i.xTaskCreateStatic)
    xTaskGetTickCount                        0x0800a4a5   Thumb Code     6  tasks.o(i.xTaskGetTickCount)
    xTaskIncrementTick                       0x0800a4b1   Thumb Code   196  tasks.o(i.xTaskIncrementTick)
    xTaskResumeAll                           0x0800a57d   Thumb Code   188  tasks.o(i.xTaskResumeAll)
    zhunbei                                  0x0800a645   Thumb Code   224  barrier.o(i.zhunbei)
    __aeabi_d2f                              0x0800a741   Thumb Code     0  d2f.o(x$fpl$d2f)
    _d2f                                     0x0800a741   Thumb Code    98  d2f.o(x$fpl$d2f)
    __fpl_dcmp_Inf                           0x0800a7a3   Thumb Code    24  dcmpi.o(x$fpl$dcmpinf)
    __aeabi_d2iz                             0x0800a7bd   Thumb Code     0  dfix.o(x$fpl$dfix)
    _dfix                                    0x0800a7bd   Thumb Code    94  dfix.o(x$fpl$dfix)
    __aeabi_i2d                              0x0800a81b   Thumb Code     0  dflt_clz.o(x$fpl$dflt)
    _dflt                                    0x0800a81b   Thumb Code    46  dflt_clz.o(x$fpl$dflt)
    __aeabi_ui2d                             0x0800a849   Thumb Code     0  dflt_clz.o(x$fpl$dfltu)
    _dfltu                                   0x0800a849   Thumb Code    38  dflt_clz.o(x$fpl$dfltu)
    __aeabi_cdcmple                          0x0800a871   Thumb Code     0  dleqf.o(x$fpl$dleqf)
    _dcmple                                  0x0800a871   Thumb Code   120  dleqf.o(x$fpl$dleqf)
    __fpl_dcmple_InfNaN                      0x0800a8d3   Thumb Code     0  dleqf.o(x$fpl$dleqf)
    __aeabi_dmul                             0x0800a8e9   Thumb Code     0  dmul.o(x$fpl$dmul)
    _dmul                                    0x0800a8e9   Thumb Code   332  dmul.o(x$fpl$dmul)
    __fpl_dnaninf                            0x0800aa3d   Thumb Code   156  dnaninf.o(x$fpl$dnaninf)
    __fpl_dretinf                            0x0800aad9   Thumb Code    12  dretinf.o(x$fpl$dretinf)
    __aeabi_cdrcmple                         0x0800aae5   Thumb Code     0  drleqf.o(x$fpl$drleqf)
    _drcmple                                 0x0800aae5   Thumb Code   108  drleqf.o(x$fpl$drleqf)
    __aeabi_f2d                              0x0800ab51   Thumb Code     0  f2d.o(x$fpl$f2d)
    _f2d                                     0x0800ab51   Thumb Code    86  f2d.o(x$fpl$f2d)
    __fpl_fnaninf                            0x0800aba7   Thumb Code   140  fnaninf.o(x$fpl$fnaninf)
    _fp_init                                 0x0800ac33   Thumb Code    10  fpinit.o(x$fpl$fpinit)
    __fplib_config_fpu_vfp                   0x0800ac3b   Thumb Code     0  fpinit.o(x$fpl$fpinit)
    __fplib_config_pureend_doubles           0x0800ac3b   Thumb Code     0  fpinit.o(x$fpl$fpinit)
    __fpl_fretinf                            0x0800ac3d   Thumb Code    10  fretinf.o(x$fpl$fretinf)
    __I$use$fp                               0x0800ac46   Number         0  usenofp.o(x$fpl$usenofp)
    AHBPrescTable                            0x0800ac4e   Data          16  system_stm32f7xx.o(.constdata)
    APBPrescTable                            0x0800ac5e   Data           8  system_stm32f7xx.o(.constdata)
    line_weight                              0x0800ae78   Data          64  scaner.o(.constdata)
    Region$$Table$$Base                      0x0800aeb8   Number         0  anon$$obj.o(Region$$Table)
    Region$$Table$$Limit                     0x0800aed8   Number         0  anon$$obj.o(Region$$Table)
    uwTickFreq                               0x20000000   Data           1  stm32f7xx_hal.o(.data)
    uwTickPrio                               0x20000004   Data           4  stm32f7xx_hal.o(.data)
    uwTick                                   0x20000008   Data           4  stm32f7xx_hal.o(.data)
    SystemCoreClock                          0x2000000c   Data           4  system_stm32f7xx.o(.data)
    pxCurrentTCB                             0x20000010   Data           4  tasks.o(.data)
    line_gyro_switch                         0x20000070   Data           1  motor_task.o(.data)
    PIDMode                                  0x20000072   Data           1  motor_task.o(.data)
    motor_handler                            0x20000074   Data           4  motor_task.o(.data)
    Start_handler                            0x20000078   Data           4  task_create.o(.data)
    main_handler                             0x2000007c   Data           4  task_create.o(.data)
    infrare_open                             0x20000081   Data           1  bsp_linefollower.o(.data)
    infrared                                 0x20000082   Data           6  bsp_linefollower.o(.data)
    imu_rx_len                               0x20000088   Data           1  imu_task.o(.data)
    color                                    0x20000091   Data           1  openmv.o(.data)
    color_R                                  0x20000092   Data           1  openmv.o(.data)
    BW_add                                   0x2000009e   Data           1  qr.o(.data)
    QR_rx_len                                0x2000009f   Data           1  qr.o(.data)
    QR_rx_buf                                0x200000a0   Data           8  qr.o(.data)
    sin1                                     0x200000a8   Data          16  sin_generate.o(.data)
    aRxBuffer                                0x200000b8   Data           1  uart.o(.data)
    USART_RX_STA                             0x200000ba   Data           2  uart.o(.data)
    special_arrive                           0x200000bc   Data           1  barrier.o(.data)
    color_flag                               0x200000c1   Data           5  barrier.o(.data)
    map                                      0x200000c7   Data           2  map.o(.data)
    route                                    0x200000ce   Data         100  map.o(.data)
    door1route                               0x20000132   Data         100  map.o(.data)
    door2route                               0x20000196   Data         100  map.o(.data)
    door3route                               0x200001fa   Data         100  map.o(.data)
    door4route                               0x2000025e   Data         100  map.o(.data)
    door5route                               0x200002c2   Data         100  map.o(.data)
    door6route                               0x20000326   Data         100  map.o(.data)
    door7route                               0x2000038a   Data         100  map.o(.data)
    door9route                               0x200003ee   Data         100  map.o(.data)
    door10route                              0x20000452   Data         100  map.o(.data)
    door11route                              0x200004b6   Data         100  map.o(.data)
    Node                                     0x2000051c   Data        3024  map_message.o(.data)
    ConnectionNum                            0x200010ec   Data          52  map_message.o(.data)
    Address                                  0x20001120   Data          53  map_message.o(.data)
    scaner_set                               0x20001158   Data           8  scaner.o(.data)
    motor_all                                0x20001160   Data          52  speed_ctrl.o(.data)
    angle                                    0x20001194   Data           8  turn.o(.data)
    hadc1                                    0x200013f0   Data          72  adc.o(.bss)
    htim1                                    0x20001438   Data          76  tim.o(.bss)
    htim2                                    0x20001484   Data          76  tim.o(.bss)
    htim3                                    0x200014d0   Data          76  tim.o(.bss)
    htim4                                    0x2000151c   Data          76  tim.o(.bss)
    htim5                                    0x20001568   Data          76  tim.o(.bss)
    htim7                                    0x200015b4   Data          76  tim.o(.bss)
    htim8                                    0x20001600   Data          76  tim.o(.bss)
    htim9                                    0x2000164c   Data          76  tim.o(.bss)
    htim11                                   0x20001698   Data          76  tim.o(.bss)
    huart4                                   0x200016e4   Data         136  usart.o(.bss)
    huart5                                   0x2000176c   Data         136  usart.o(.bss)
    huart7                                   0x200017f4   Data         136  usart.o(.bss)
    huart8                                   0x2000187c   Data         136  usart.o(.bss)
    huart1                                   0x20001904   Data         136  usart.o(.bss)
    huart2                                   0x2000198c   Data         136  usart.o(.bss)
    huart3                                   0x20001a14   Data         136  usart.o(.bss)
    huart6                                   0x20001a9c   Data         136  usart.o(.bss)
    hdma_uart7_rx                            0x20001b24   Data          96  usart.o(.bss)
    hdma_usart3_rx                           0x20001b84   Data          96  usart.o(.bss)
    htim14                                   0x20001be4   Data          76  stm32f7xx_hal_timebase_tim.o(.bss)
    Buffer_Encoder                           0x20010d20   Data          16  encoder.o(.bss)
    Speed                                    0x20010d30   Data          16  encoder.o(.bss)
    TIM7_Handler                             0x20010d40   Data          76  delay.o(.bss)
    imu_rx_buf                               0x20010d8c   Data          15  imu_task.o(.bss)
    imu                                      0x20010d9c   Data          20  imu_task.o(.bss)
    gyro                                     0x20010db0   Data         136  imu_task.o(.bss)
    mv                                       0x20010e38   Data         136  openmv.o(.bss)
    mv_R                                     0x20010ec0   Data         136  openmv.o(.bss)
    BW_num                                   0x20010f48   Data          12  qr.o(.bss)
    motor_L0                                 0x20010f54   Data          24  pid.o(.bss)
    motor_L1                                 0x20010f6c   Data          24  pid.o(.bss)
    motor_R0                                 0x20010f84   Data          24  pid.o(.bss)
    motor_R1                                 0x20010f9c   Data          24  pid.o(.bss)
    motor_pid_paramL0                        0x20010fb4   Data          28  pid.o(.bss)
    motor_pid_paramL1                        0x20010fd0   Data          28  pid.o(.bss)
    motor_pid_paramR0                        0x20010fec   Data          28  pid.o(.bss)
    motor_pid_paramR1                        0x20011008   Data          28  pid.o(.bss)
    line_pid_param                           0x20011024   Data          28  pid.o(.bss)
    gyroT_pid_param                          0x20011040   Data          28  pid.o(.bss)
    gyroG_pid_param                          0x2001105c   Data          28  pid.o(.bss)
    GyroP_pid_param                          0x20011078   Data          28  pid.o(.bss)
    line_pid_obj                             0x20011094   Data          28  pid.o(.bss)
    gyroT_pid                                0x200110b0   Data          28  pid.o(.bss)
    gyroG_pid                                0x200110cc   Data          28  pid.o(.bss)
    TIM6_Handler                             0x200110e8   Data          76  sin_generate.o(.bss)
    USART_RX_BUF                             0x20011134   Data         200  uart.o(.bss)
    UART1_Handler                            0x200111fc   Data         136  uart.o(.bss)
    nodesr                                   0x20011284   Data          52  map.o(.bss)
    Scaner                                   0x200112b8   Data          12  scaner.o(.bss)
    TC_speed                                 0x200112c4   Data          12  speed_ctrl.o(.bss)
    TG_speed                                 0x200112d0   Data          12  speed_ctrl.o(.bss)
    __libspace_start                         0x200112dc   Data          96  libspace.o(.bss)
    __temporary_stack_top$libspace           0x2001133c   Data           0  libspace.o(.bss)



==============================================================================

Memory Map of the image

  Image Entry point : 0x080001c9

  Load Region LR_IROM1 (Base: 0x08000000, Size: 0x0000c074, Max: 0x00010000, ABSOLUTE, COMPRESSED[0x0000b4a4])

    Execution Region ER_IROM1 (Exec base: 0x08000000, Load base: 0x08000000, Size: 0x0000aed8, Max: 0x00010000, ABSOLUTE)

    Exec Addr    Load Addr    Size         Type   Attr      Idx    E Section Name        Object

    0x08000000   0x08000000   0x000001c8   Data   RO            3    RESET               startup_stm32f750xx.o
    0x080001c8   0x080001c8   0x00000008   Code   RO         7443  * !!!main             c_w.l(__main.o)
    0x080001d0   0x080001d0   0x00000034   Code   RO         7727    !!!scatter          c_w.l(__scatter.o)
    0x08000204   0x08000204   0x0000005a   Code   RO         7725    !!dczerorl2         c_w.l(__dczerorl2.o)
    0x0800025e   0x0800025e   0x00000002   PAD
    0x08000260   0x08000260   0x0000001c   Code   RO         7729    !!handler_zi        c_w.l(__scatter_zi.o)
    0x0800027c   0x0800027c   0x00000002   Code   RO         7600    .ARM.Collect$$libinit$$00000000  c_w.l(libinit.o)
    0x0800027e   0x0800027e   0x00000004   Code   RO         7609    .ARM.Collect$$libinit$$00000001  c_w.l(libinit2.o)
    0x08000282   0x08000282   0x00000000   Code   RO         7612    .ARM.Collect$$libinit$$00000004  c_w.l(libinit2.o)
    0x08000282   0x08000282   0x00000000   Code   RO         7615    .ARM.Collect$$libinit$$0000000A  c_w.l(libinit2.o)
    0x08000282   0x08000282   0x00000000   Code   RO         7617    .ARM.Collect$$libinit$$0000000C  c_w.l(libinit2.o)
    0x08000282   0x08000282   0x00000000   Code   RO         7619    .ARM.Collect$$libinit$$0000000E  c_w.l(libinit2.o)
    0x08000282   0x08000282   0x00000000   Code   RO         7622    .ARM.Collect$$libinit$$00000011  c_w.l(libinit2.o)
    0x08000282   0x08000282   0x00000000   Code   RO         7624    .ARM.Collect$$libinit$$00000013  c_w.l(libinit2.o)
    0x08000282   0x08000282   0x00000000   Code   RO         7626    .ARM.Collect$$libinit$$00000015  c_w.l(libinit2.o)
    0x08000282   0x08000282   0x00000000   Code   RO         7628    .ARM.Collect$$libinit$$00000017  c_w.l(libinit2.o)
    0x08000282   0x08000282   0x00000000   Code   RO         7630    .ARM.Collect$$libinit$$00000019  c_w.l(libinit2.o)
    0x08000282   0x08000282   0x00000000   Code   RO         7632    .ARM.Collect$$libinit$$0000001B  c_w.l(libinit2.o)
    0x08000282   0x08000282   0x00000000   Code   RO         7634    .ARM.Collect$$libinit$$0000001D  c_w.l(libinit2.o)
    0x08000282   0x08000282   0x00000000   Code   RO         7636    .ARM.Collect$$libinit$$0000001F  c_w.l(libinit2.o)
    0x08000282   0x08000282   0x00000000   Code   RO         7638    .ARM.Collect$$libinit$$00000021  c_w.l(libinit2.o)
    0x08000282   0x08000282   0x00000000   Code   RO         7640    .ARM.Collect$$libinit$$00000023  c_w.l(libinit2.o)
    0x08000282   0x08000282   0x00000000   Code   RO         7642    .ARM.Collect$$libinit$$00000025  c_w.l(libinit2.o)
    0x08000282   0x08000282   0x00000000   Code   RO         7646    .ARM.Collect$$libinit$$0000002C  c_w.l(libinit2.o)
    0x08000282   0x08000282   0x00000000   Code   RO         7648    .ARM.Collect$$libinit$$0000002E  c_w.l(libinit2.o)
    0x08000282   0x08000282   0x00000000   Code   RO         7650    .ARM.Collect$$libinit$$00000030  c_w.l(libinit2.o)
    0x08000282   0x08000282   0x00000000   Code   RO         7652    .ARM.Collect$$libinit$$00000032  c_w.l(libinit2.o)
    0x08000282   0x08000282   0x00000002   Code   RO         7653    .ARM.Collect$$libinit$$00000033  c_w.l(libinit2.o)
    0x08000284   0x08000284   0x00000002   Code   RO         7679    .ARM.Collect$$libshutdown$$00000000  c_w.l(libshutdown.o)
    0x08000286   0x08000286   0x00000000   Code   RO         7708    .ARM.Collect$$libshutdown$$00000002  c_w.l(libshutdown2.o)
    0x08000286   0x08000286   0x00000000   Code   RO         7710    .ARM.Collect$$libshutdown$$00000004  c_w.l(libshutdown2.o)
    0x08000286   0x08000286   0x00000000   Code   RO         7713    .ARM.Collect$$libshutdown$$00000007  c_w.l(libshutdown2.o)
    0x08000286   0x08000286   0x00000000   Code   RO         7716    .ARM.Collect$$libshutdown$$0000000A  c_w.l(libshutdown2.o)
    0x08000286   0x08000286   0x00000000   Code   RO         7718    .ARM.Collect$$libshutdown$$0000000C  c_w.l(libshutdown2.o)
    0x08000286   0x08000286   0x00000000   Code   RO         7721    .ARM.Collect$$libshutdown$$0000000F  c_w.l(libshutdown2.o)
    0x08000286   0x08000286   0x00000002   Code   RO         7722    .ARM.Collect$$libshutdown$$00000010  c_w.l(libshutdown2.o)
    0x08000288   0x08000288   0x00000000   Code   RO         7481    .ARM.Collect$$rtentry$$00000000  c_w.l(__rtentry.o)
    0x08000288   0x08000288   0x00000000   Code   RO         7539    .ARM.Collect$$rtentry$$00000002  c_w.l(__rtentry2.o)
    0x08000288   0x08000288   0x00000006   Code   RO         7551    .ARM.Collect$$rtentry$$00000004  c_w.l(__rtentry4.o)
    0x0800028e   0x0800028e   0x00000000   Code   RO         7541    .ARM.Collect$$rtentry$$00000009  c_w.l(__rtentry2.o)
    0x0800028e   0x0800028e   0x00000004   Code   RO         7542    .ARM.Collect$$rtentry$$0000000A  c_w.l(__rtentry2.o)
    0x08000292   0x08000292   0x00000000   Code   RO         7544    .ARM.Collect$$rtentry$$0000000C  c_w.l(__rtentry2.o)
    0x08000292   0x08000292   0x00000008   Code   RO         7545    .ARM.Collect$$rtentry$$0000000D  c_w.l(__rtentry2.o)
    0x0800029a   0x0800029a   0x00000002   Code   RO         7601    .ARM.Collect$$rtexit$$00000000  c_w.l(rtexit.o)
    0x0800029c   0x0800029c   0x00000000   Code   RO         7655    .ARM.Collect$$rtexit$$00000002  c_w.l(rtexit2.o)
    0x0800029c   0x0800029c   0x00000004   Code   RO         7656    .ARM.Collect$$rtexit$$00000003  c_w.l(rtexit2.o)
    0x080002a0   0x080002a0   0x00000006   Code   RO         7657    .ARM.Collect$$rtexit$$00000004  c_w.l(rtexit2.o)
    0x080002a6   0x080002a6   0x00000002   PAD
    0x080002a8   0x080002a8   0x000000c2   Code   RO         5483    .emb_text           port.o
    0x0800036a   0x0800036a   0x00000002   PAD
    0x0800036c   0x0800036c   0x00000040   Code   RO            4    .text               startup_stm32f750xx.o
    0x080003ac   0x080003ac   0x000000ee   Code   RO         7368    .text               c_w.l(lludivv7m.o)
    0x0800049a   0x0800049a   0x0000008a   Code   RO         7429    .text               c_w.l(rt_memcpy_v6.o)
    0x08000524   0x08000524   0x00000084   Code   RO         7431    .text               c_w.l(rt_memmove_v6.o)
    0x080005a8   0x080005a8   0x00000064   Code   RO         7433    .text               c_w.l(rt_memcpy_w.o)
    0x0800060c   0x0800060c   0x00000044   Code   RO         7437    .text               c_w.l(rt_memclr.o)
    0x08000650   0x08000650   0x0000004e   Code   RO         7439    .text               c_w.l(rt_memclr_w.o)
    0x0800069e   0x0800069e   0x00000006   Code   RO         7441    .text               c_w.l(heapauxi.o)
    0x080006a4   0x080006a4   0x0000007a   Code   RO         7495    .text               c_w.l(rt_memmove_w.o)
    0x0800071e   0x0800071e   0x00000002   PAD
    0x08000720   0x08000720   0x00000008   Code   RO         7582    .text               c_w.l(libspace.o)
    0x08000728   0x08000728   0x0000004a   Code   RO         7585    .text               c_w.l(sys_stackheap_outer.o)
    0x08000772   0x08000772   0x00000012   Code   RO         7589    .text               c_w.l(exit.o)
    0x08000784   0x08000784   0x00000138   Code   RO          835    i.ADC_Init          stm32f7xx_hal_adc.o
    0x080008bc   0x080008bc   0x000001c0   Code   RO         6803    i.Barrier_Bridge    barrier.o
    0x08000a7c   0x08000a7c   0x000002ac   Code   RO         6804    i.Barrier_Down_HighMountain  barrier.o
    0x08000d28   0x08000d28   0x0000031c   Code   RO         6805    i.Barrier_HighMountain  barrier.o
    0x08001044   0x08001044   0x000000e0   Code   RO         6806    i.Barrier_Hill      barrier.o
    0x08001124   0x08001124   0x00000098   Code   RO         6807    i.Barrier_WavedPlate  barrier.o
    0x080011bc   0x080011bc   0x00000002   Code   RO          609    i.BusFault_Handler  stm32f7xx_it.o
    0x080011be   0x080011be   0x00000002   PAD
    0x080011c0   0x080011c0   0x00000020   Code   RO         7246    i.CarBrake          speed_ctrl.o
    0x080011e0   0x080011e0   0x00000874   Code   RO         7007    i.Cross             map.o
    0x08001a54   0x08001a54   0x0000000c   Code   RO          610    i.DMA1_Stream1_IRQHandler  stm32f7xx_it.o
    0x08001a60   0x08001a60   0x0000000c   Code   RO          611    i.DMA1_Stream3_IRQHandler  stm32f7xx_it.o
    0x08001a6c   0x08001a6c   0x00000028   Code   RO         1517    i.DMA_CalcBaseAndBitshift  stm32f7xx_hal_dma.o
    0x08001a94   0x08001a94   0x00000054   Code   RO         1518    i.DMA_CheckFifoParam  stm32f7xx_hal_dma.o
    0x08001ae8   0x08001ae8   0x00000028   Code   RO         1519    i.DMA_SetConfig     stm32f7xx_hal_dma.o
    0x08001b10   0x08001b10   0x00000002   Code   RO          612    i.DebugMon_Handler  stm32f7xx_it.o
    0x08001b12   0x08001b12   0x00000002   PAD
    0x08001b14   0x08001b14   0x00000078   Code   RO         5563    i.Encoder_init      encoder.o
    0x08001b8c   0x08001b8c   0x00000004   Code   RO          199    i.Error_Handler     main.o
    0x08001b90   0x08001b90   0x00000090   Code   RO         7196    i.Go_Line           scaner.o
    0x08001c20   0x08001c20   0x000001c0   Code   RO          837    i.HAL_ADC_ConfigChannel  stm32f7xx_hal_adc.o
    0x08001de0   0x08001de0   0x00000054   Code   RO          846    i.HAL_ADC_Init      stm32f7xx_hal_adc.o
    0x08001e34   0x08001e34   0x00000060   Code   RO          352    i.HAL_ADC_MspInit   adc.o
    0x08001e94   0x08001e94   0x00000092   Code   RO         1520    i.HAL_DMA_Abort     stm32f7xx_hal_dma.o
    0x08001f26   0x08001f26   0x00000024   Code   RO         1521    i.HAL_DMA_Abort_IT  stm32f7xx_hal_dma.o
    0x08001f4a   0x08001f4a   0x00000004   Code   RO         1523    i.HAL_DMA_GetError  stm32f7xx_hal_dma.o
    0x08001f4e   0x08001f4e   0x00000002   PAD
    0x08001f50   0x08001f50   0x000001a0   Code   RO         1525    i.HAL_DMA_IRQHandler  stm32f7xx_hal_dma.o
    0x080020f0   0x080020f0   0x000000e4   Code   RO         1526    i.HAL_DMA_Init      stm32f7xx_hal_dma.o
    0x080021d4   0x080021d4   0x0000007a   Code   RO         1530    i.HAL_DMA_Start_IT  stm32f7xx_hal_dma.o
    0x0800224e   0x0800224e   0x00000002   PAD
    0x08002250   0x08002250   0x00000248   Code   RO         1454    i.HAL_GPIO_Init     stm32f7xx_hal_gpio.o
    0x08002498   0x08002498   0x0000000a   Code   RO         1456    i.HAL_GPIO_ReadPin  stm32f7xx_hal_gpio.o
    0x080024a2   0x080024a2   0x00000010   Code   RO         1457    i.HAL_GPIO_TogglePin  stm32f7xx_hal_gpio.o
    0x080024b2   0x080024b2   0x0000000a   Code   RO         1458    i.HAL_GPIO_WritePin  stm32f7xx_hal_gpio.o
    0x080024bc   0x080024bc   0x0000000c   Code   RO         2030    i.HAL_GetTick       stm32f7xx_hal.o
    0x080024c8   0x080024c8   0x00000010   Code   RO         2036    i.HAL_IncTick       stm32f7xx_hal.o
    0x080024d8   0x080024d8   0x00000016   Code   RO         2037    i.HAL_Init          stm32f7xx_hal.o
    0x080024ee   0x080024ee   0x00000002   PAD
    0x080024f0   0x080024f0   0x00000098   Code   RO          793    i.HAL_InitTick      stm32f7xx_hal_timebase_tim.o
    0x08002588   0x08002588   0x00000030   Code   RO          769    i.HAL_MspInit       stm32f7xx_hal_msp.o
    0x080025b8   0x080025b8   0x0000001a   Code   RO         1885    i.HAL_NVIC_EnableIRQ  stm32f7xx_hal_cortex.o
    0x080025d2   0x080025d2   0x00000002   PAD
    0x080025d4   0x080025d4   0x00000040   Code   RO         1891    i.HAL_NVIC_SetPriority  stm32f7xx_hal_cortex.o
    0x08002614   0x08002614   0x00000024   Code   RO         1892    i.HAL_NVIC_SetPriorityGrouping  stm32f7xx_hal_cortex.o
    0x08002638   0x08002638   0x0000006c   Code   RO         1794    i.HAL_PWREx_EnableOverDrive  stm32f7xx_hal_pwr_ex.o
    0x080026a4   0x080026a4   0x000004fc   Code   RO         1215    i.HAL_RCCEx_PeriphCLKConfig  stm32f7xx_hal_rcc_ex.o
    0x08002ba0   0x08002ba0   0x00000130   Code   RO         1108    i.HAL_RCC_ClockConfig  stm32f7xx_hal_rcc.o
    0x08002cd0   0x08002cd0   0x00000040   Code   RO         1112    i.HAL_RCC_GetClockConfig  stm32f7xx_hal_rcc.o
    0x08002d10   0x08002d10   0x00000020   Code   RO         1115    i.HAL_RCC_GetPCLK1Freq  stm32f7xx_hal_rcc.o
    0x08002d30   0x08002d30   0x00000020   Code   RO         1116    i.HAL_RCC_GetPCLK2Freq  stm32f7xx_hal_rcc.o
    0x08002d50   0x08002d50   0x00000064   Code   RO         1117    i.HAL_RCC_GetSysClockFreq  stm32f7xx_hal_rcc.o
    0x08002db4   0x08002db4   0x00000384   Code   RO         1120    i.HAL_RCC_OscConfig  stm32f7xx_hal_rcc.o
    0x08003138   0x08003138   0x00000002   Code   RO         3515    i.HAL_TIMEx_Break2Callback  stm32f7xx_hal_tim_ex.o
    0x0800313a   0x0800313a   0x00000002   Code   RO         3516    i.HAL_TIMEx_BreakCallback  stm32f7xx_hal_tim_ex.o
    0x0800313c   0x0800313c   0x00000002   Code   RO         3517    i.HAL_TIMEx_CommutCallback  stm32f7xx_hal_tim_ex.o
    0x0800313e   0x0800313e   0x00000002   PAD
    0x08003140   0x08003140   0x000000a0   Code   RO         3519    i.HAL_TIMEx_ConfigBreakDeadTime  stm32f7xx_hal_tim_ex.o
    0x080031e0   0x080031e0   0x000000a4   Code   RO         3536    i.HAL_TIMEx_MasterConfigSynchronization  stm32f7xx_hal_tim_ex.o
    0x08003284   0x08003284   0x00000062   Code   RO         2801    i.HAL_TIM_Base_Init  stm32f7xx_hal_tim.o
    0x080032e6   0x080032e6   0x00000002   PAD
    0x080032e8   0x080032e8   0x00000110   Code   RO          418    i.HAL_TIM_Base_MspInit  tim.o
    0x080033f8   0x080033f8   0x0000008c   Code   RO         2806    i.HAL_TIM_Base_Start_IT  stm32f7xx_hal_tim.o
    0x08003484   0x08003484   0x00000030   Code   RO         2809    i.HAL_TIM_Base_Stop_IT  stm32f7xx_hal_tim.o
    0x080034b4   0x080034b4   0x000000e0   Code   RO         2810    i.HAL_TIM_ConfigClockSource  stm32f7xx_hal_tim.o
    0x08003594   0x08003594   0x000000bc   Code   RO         2822    i.HAL_TIM_Encoder_Init  stm32f7xx_hal_tim.o
    0x08003650   0x08003650   0x000001b8   Code   RO          420    i.HAL_TIM_Encoder_MspInit  tim.o
    0x08003808   0x08003808   0x0000008e   Code   RO         2825    i.HAL_TIM_Encoder_Start  stm32f7xx_hal_tim.o
    0x08003896   0x08003896   0x00000070   Code   RO         2828    i.HAL_TIM_Encoder_Stop  stm32f7xx_hal_tim.o
    0x08003906   0x08003906   0x00000002   Code   RO         2835    i.HAL_TIM_IC_CaptureCallback  stm32f7xx_hal_tim.o
    0x08003908   0x08003908   0x00000182   Code   RO         2849    i.HAL_TIM_IRQHandler  stm32f7xx_hal_tim.o
    0x08003a8a   0x08003a8a   0x00000002   PAD
    0x08003a8c   0x08003a8c   0x000000b8   Code   RO          421    i.HAL_TIM_MspPostInit  tim.o
    0x08003b44   0x08003b44   0x00000002   Code   RO         2852    i.HAL_TIM_OC_DelayElapsedCallback  stm32f7xx_hal_tim.o
    0x08003b46   0x08003b46   0x00000124   Code   RO         2873    i.HAL_TIM_PWM_ConfigChannel  stm32f7xx_hal_tim.o
    0x08003c6a   0x08003c6a   0x00000062   Code   RO         2876    i.HAL_TIM_PWM_Init  stm32f7xx_hal_tim.o
    0x08003ccc   0x08003ccc   0x00000002   Code   RO         2878    i.HAL_TIM_PWM_MspInit  stm32f7xx_hal_tim.o
    0x08003cce   0x08003cce   0x00000002   Code   RO         2879    i.HAL_TIM_PWM_PulseFinishedCallback  stm32f7xx_hal_tim.o
    0x08003cd0   0x08003cd0   0x000000f8   Code   RO         2881    i.HAL_TIM_PWM_Start  stm32f7xx_hal_tim.o
    0x08003dc8   0x08003dc8   0x000000ec   Code   RO         5564    i.HAL_TIM_PeriodElapsedCallback  encoder.o
    0x08003eb4   0x08003eb4   0x00000002   Code   RO         2892    i.HAL_TIM_TriggerCallback  stm32f7xx_hal_tim.o
    0x08003eb6   0x08003eb6   0x00000002   Code   RO         3803    i.HAL_UARTEx_RxEventCallback  stm32f7xx_hal_uart.o
    0x08003eb8   0x08003eb8   0x0000008c   Code   RO         3815    i.HAL_UART_DMAStop  stm32f7xx_hal_uart.o
    0x08003f44   0x08003f44   0x00000002   Code   RO         3819    i.HAL_UART_ErrorCallback  stm32f7xx_hal_uart.o
    0x08003f46   0x08003f46   0x0000000c   Code   RO         3821    i.HAL_UART_GetState  stm32f7xx_hal_uart.o
    0x08003f52   0x08003f52   0x00000002   PAD
    0x08003f54   0x08003f54   0x00000298   Code   RO         3822    i.HAL_UART_IRQHandler  stm32f7xx_hal_uart.o
    0x080041ec   0x080041ec   0x00000066   Code   RO         3823    i.HAL_UART_Init     stm32f7xx_hal_uart.o
    0x08004252   0x08004252   0x00000002   PAD
    0x08004254   0x08004254   0x00000410   Code   RO          526    i.HAL_UART_MspInit  usart.o
    0x08004664   0x08004664   0x0000003c   Code   RO         3827    i.HAL_UART_Receive_DMA  stm32f7xx_hal_uart.o
    0x080046a0   0x080046a0   0x0000003c   Code   RO         3828    i.HAL_UART_Receive_IT  stm32f7xx_hal_uart.o
    0x080046dc   0x080046dc   0x00000058   Code   RO         6532    i.HAL_UART_RxCpltCallback  uart.o
    0x08004734   0x08004734   0x00000002   Code   RO         3831    i.HAL_UART_RxHalfCpltCallback  stm32f7xx_hal_uart.o
    0x08004736   0x08004736   0x000000a2   Code   RO         3832    i.HAL_UART_Transmit  stm32f7xx_hal_uart.o
    0x080047d8   0x080047d8   0x00000002   Code   RO         3835    i.HAL_UART_TxCpltCallback  stm32f7xx_hal_uart.o
    0x080047da   0x080047da   0x00000002   Code   RO          613    i.HardFault_Handler  stm32f7xx_it.o
    0x080047dc   0x080047dc   0x0000004c   Code   RO         5748    i.IIC_Ack           iic.o
    0x08004828   0x08004828   0x00000050   Code   RO         5749    i.IIC_Init          iic.o
    0x08004878   0x08004878   0x0000004c   Code   RO         5750    i.IIC_NAck          iic.o
    0x080048c4   0x080048c4   0x00000070   Code   RO         5751    i.IIC_Read_Byte     iic.o
    0x08004934   0x08004934   0x00000070   Code   RO         5752    i.IIC_Send_Byte     iic.o
    0x080049a4   0x080049a4   0x0000004c   Code   RO         5753    i.IIC_Start         iic.o
    0x080049f0   0x080049f0   0x0000004c   Code   RO         5754    i.IIC_Stop          iic.o
    0x08004a3c   0x08004a3c   0x00000064   Code   RO         5755    i.IIC_Wait_Ack      iic.o
    0x08004aa0   0x08004aa0   0x0000027c   Code   RO         7197    i.Line_Scan         scaner.o
    0x08004d1c   0x08004d1c   0x00000064   Code   RO          353    i.MX_ADC1_Init      adc.o
    0x08004d80   0x08004d80   0x0000003c   Code   RO          393    i.MX_DMA_Init       dma.o
    0x08004dbc   0x08004dbc   0x00000002   Code   RO           13    i.MX_FREERTOS_Init  freertos.o
    0x08004dbe   0x08004dbe   0x00000002   PAD
    0x08004dc0   0x08004dc0   0x0000015c   Code   RO          327    i.MX_GPIO_Init      gpio.o
    0x08004f1c   0x08004f1c   0x00000038   Code   RO          422    i.MX_TIM11_Init     tim.o
    0x08004f54   0x08004f54   0x00000070   Code   RO          423    i.MX_TIM1_Init      tim.o
    0x08004fc4   0x08004fc4   0x00000068   Code   RO          424    i.MX_TIM2_Init      tim.o
    0x0800502c   0x0800502c   0x0000006c   Code   RO          425    i.MX_TIM3_Init      tim.o
    0x08005098   0x08005098   0x000000cc   Code   RO          426    i.MX_TIM4_Init      tim.o
    0x08005164   0x08005164   0x0000006c   Code   RO          427    i.MX_TIM5_Init      tim.o
    0x080051d0   0x080051d0   0x000000e8   Code   RO          429    i.MX_TIM8_Init      tim.o
    0x080052b8   0x080052b8   0x00000094   Code   RO          430    i.MX_TIM9_Init      tim.o
    0x0800534c   0x0800534c   0x0000003c   Code   RO          528    i.MX_UART5_Init     usart.o
    0x08005388   0x08005388   0x0000003c   Code   RO          529    i.MX_UART7_Init     usart.o
    0x080053c4   0x080053c4   0x0000003c   Code   RO          530    i.MX_UART8_Init     usart.o
    0x08005400   0x08005400   0x0000003c   Code   RO          532    i.MX_USART2_UART_Init  usart.o
    0x0800543c   0x0800543c   0x0000003c   Code   RO          533    i.MX_USART3_UART_Init  usart.o
    0x08005478   0x08005478   0x00000002   Code   RO          614    i.MemManage_Handler  stm32f7xx_it.o
    0x0800547a   0x0800547a   0x00000002   Code   RO          615    i.NMI_Handler       stm32f7xx_it.o
    0x0800547c   0x0800547c   0x000003d0   Code   RO         6808    i.QQB_1             barrier.o
    0x0800584c   0x0800584c   0x00000020   Code   RO         6343    i.QR_receive_init   qr.o
    0x0800586c   0x0800586c   0x0000007c   Code   RO         5886    i.Rudder_Init       rudder_control.o
    0x080058e8   0x080058e8   0x0000003a   Code   RO         5887    i.Rudder_ReadOneByte  rudder_control.o
    0x08005922   0x08005922   0x00000036   Code   RO         5888    i.Rudder_WriteOneByte  rudder_control.o
    0x08005958   0x08005958   0x00000042   Code   RO         5889    i.Rudder_control    rudder_control.o
    0x0800599a   0x0800599a   0x00000002   PAD
    0x0800599c   0x0800599c   0x00000048   Code   RO         5756    i.SDA               iic.o
    0x080059e4   0x080059e4   0x0000011c   Code   RO         6809    i.S_curve           barrier.o
    0x08005b00   0x08005b00   0x0000027c   Code   RO         6810    i.South_Pole        barrier.o
    0x08005d7c   0x08005d7c   0x0000017c   Code   RO         6811    i.Special_Node      barrier.o
    0x08005ef8   0x08005ef8   0x00000268   Code   RO         6812    i.Stage             barrier.o
    0x08006160   0x08006160   0x000000ac   Code   RO         6813    i.Stage_P2          barrier.o
    0x0800620c   0x0800620c   0x00000110   Code   RO         7287    i.Stage_turn_Angle  turn.o
    0x0800631c   0x0800631c   0x00000024   Code   RO         5968    i.Start_task        temporary_task.o
    0x08006340   0x08006340   0x0000002c   Code   RO         5931    i.Start_task_create  task_create.o
    0x0800636c   0x0800636c   0x00000104   Code   RO         6814    i.Sword_Mountain    barrier.o
    0x08006470   0x08006470   0x00000030   Code   RO         5484    i.SysTick_Handler   port.o
    0x080064a0   0x080064a0   0x000000a0   Code   RO          200    i.SystemClock_Config  main.o
    0x08006540   0x08006540   0x00000010   Code   RO         4241    i.SystemInit        system_stm32f7xx.o
    0x08006550   0x08006550   0x0000001c   Code   RO          616    i.TIM1_BRK_TIM9_IRQHandler  stm32f7xx_it.o
    0x0800656c   0x0800656c   0x0000000c   Code   RO          617    i.TIM1_CC_IRQHandler  stm32f7xx_it.o
    0x08006578   0x08006578   0x0000001c   Code   RO          618    i.TIM1_TRG_COM_TIM11_IRQHandler  stm32f7xx_it.o
    0x08006594   0x08006594   0x0000000c   Code   RO          619    i.TIM1_UP_TIM10_IRQHandler  stm32f7xx_it.o
    0x080065a0   0x080065a0   0x0000000c   Code   RO          620    i.TIM2_IRQHandler   stm32f7xx_it.o
    0x080065ac   0x080065ac   0x0000000c   Code   RO          621    i.TIM3_IRQHandler   stm32f7xx_it.o
    0x080065b8   0x080065b8   0x0000000c   Code   RO          622    i.TIM4_IRQHandler   stm32f7xx_it.o
    0x080065c4   0x080065c4   0x0000000c   Code   RO          623    i.TIM5_IRQHandler   stm32f7xx_it.o
    0x080065d0   0x080065d0   0x00000024   Code   RO         6468    i.TIM6_DAC_IRQHandler  sin_generate.o
    0x080065f4   0x080065f4   0x00000048   Code   RO         6016    i.TIM7_IRQHandler   delay.o
    0x0800663c   0x0800663c   0x0000000c   Code   RO          624    i.TIM8_BRK_TIM12_IRQHandler  stm32f7xx_it.o
    0x08006648   0x08006648   0x0000000c   Code   RO          625    i.TIM8_CC_IRQHandler  stm32f7xx_it.o
    0x08006654   0x08006654   0x0000001c   Code   RO          626    i.TIM8_TRG_COM_TIM14_IRQHandler  stm32f7xx_it.o
    0x08006670   0x08006670   0x0000000c   Code   RO          627    i.TIM8_UP_TIM13_IRQHandler  stm32f7xx_it.o
    0x0800667c   0x0800667c   0x000000cc   Code   RO         2894    i.TIM_Base_SetConfig  stm32f7xx_hal_tim.o
    0x08006748   0x08006748   0x0000001a   Code   RO         2895    i.TIM_CCxChannelCmd  stm32f7xx_hal_tim.o
    0x08006762   0x08006762   0x00000012   Code   RO         2905    i.TIM_ETR_SetConfig  stm32f7xx_hal_tim.o
    0x08006774   0x08006774   0x00000010   Code   RO         2906    i.TIM_ITRx_SetConfig  stm32f7xx_hal_tim.o
    0x08006784   0x08006784   0x00000074   Code   RO         2907    i.TIM_OC1_SetConfig  stm32f7xx_hal_tim.o
    0x080067f8   0x080067f8   0x00000078   Code   RO         2908    i.TIM_OC2_SetConfig  stm32f7xx_hal_tim.o
    0x08006870   0x08006870   0x00000078   Code   RO         2909    i.TIM_OC3_SetConfig  stm32f7xx_hal_tim.o
    0x080068e8   0x080068e8   0x00000058   Code   RO         2910    i.TIM_OC4_SetConfig  stm32f7xx_hal_tim.o
    0x08006940   0x08006940   0x00000058   Code   RO         2911    i.TIM_OC5_SetConfig  stm32f7xx_hal_tim.o
    0x08006998   0x08006998   0x00000058   Code   RO         2912    i.TIM_OC6_SetConfig  stm32f7xx_hal_tim.o
    0x080069f0   0x080069f0   0x00000022   Code   RO         2914    i.TIM_TI1_ConfigInputStage  stm32f7xx_hal_tim.o
    0x08006a12   0x08006a12   0x00000024   Code   RO         2916    i.TIM_TI2_ConfigInputStage  stm32f7xx_hal_tim.o
    0x08006a36   0x08006a36   0x00000002   PAD
    0x08006a38   0x08006a38   0x00000054   Code   RO         6469    i.Timer6_Init       sin_generate.o
    0x08006a8c   0x08006a8c   0x000000cc   Code   RO         7288    i.Turn_Angle        turn.o
    0x08006b58   0x08006b58   0x000000a0   Code   RO         7289    i.Turn_Angle360     turn.o
    0x08006bf8   0x08006bf8   0x00000050   Code   RO         7290    i.Turn_Angle_Relative  turn.o
    0x08006c48   0x08006c48   0x000000e0   Code   RO         6253    i.UART4_IRQHandler  openmv.o
    0x08006d28   0x08006d28   0x0000000c   Code   RO          628    i.UART5_IRQHandler  stm32f7xx_it.o
    0x08006d34   0x08006d34   0x000000bc   Code   RO         6344    i.UART7_IRQHandler  qr.o
    0x08006df0   0x08006df0   0x0000000c   Code   RO          629    i.UART8_IRQHandler  stm32f7xx_it.o
    0x08006dfc   0x08006dfc   0x000000c8   Code   RO         3837    i.UART_AdvFeatureConfig  stm32f7xx_hal_uart.o
    0x08006ec4   0x08006ec4   0x00000044   Code   RO         3838    i.UART_CheckIdleState  stm32f7xx_hal_uart.o
    0x08006f08   0x08006f08   0x00000014   Code   RO         3839    i.UART_DMAAbortOnError  stm32f7xx_hal_uart.o
    0x08006f1c   0x08006f1c   0x0000004c   Code   RO         3840    i.UART_DMAError     stm32f7xx_hal_uart.o
    0x08006f68   0x08006f68   0x00000082   Code   RO         3841    i.UART_DMAReceiveCplt  stm32f7xx_hal_uart.o
    0x08006fea   0x08006fea   0x00000020   Code   RO         3843    i.UART_DMARxHalfCplt  stm32f7xx_hal_uart.o
    0x0800700a   0x0800700a   0x0000004c   Code   RO         3849    i.UART_EndRxTransfer  stm32f7xx_hal_uart.o
    0x08007056   0x08007056   0x00000018   Code   RO         3850    i.UART_EndTxTransfer  stm32f7xx_hal_uart.o
    0x0800706e   0x0800706e   0x000000a4   Code   RO         3851    i.UART_RxISR_16BIT  stm32f7xx_hal_uart.o
    0x08007112   0x08007112   0x000000a4   Code   RO         3852    i.UART_RxISR_8BIT   stm32f7xx_hal_uart.o
    0x080071b6   0x080071b6   0x00000002   PAD
    0x080071b8   0x080071b8   0x00000230   Code   RO         3853    i.UART_SetConfig    stm32f7xx_hal_uart.o
    0x080073e8   0x080073e8   0x000000a0   Code   RO         3854    i.UART_Start_Receive_DMA  stm32f7xx_hal_uart.o
    0x08007488   0x08007488   0x000000b8   Code   RO         3855    i.UART_Start_Receive_IT  stm32f7xx_hal_uart.o
    0x08007540   0x08007540   0x000000ca   Code   RO         3858    i.UART_WaitOnFlagUntilTimeout  stm32f7xx_hal_uart.o
    0x0800760a   0x0800760a   0x00000002   PAD
    0x0800760c   0x0800760c   0x00000044   Code   RO         6533    i.USART1_IRQHandler  uart.o
    0x08007650   0x08007650   0x0000000c   Code   RO          630    i.USART2_IRQHandler  stm32f7xx_it.o
    0x0800765c   0x0800765c   0x00000100   Code   RO         6207    i.USART3_IRQHandler  imu_task.o
    0x0800775c   0x0800775c   0x00000048   Code   RO         6254    i.USART6_IRQHandler  openmv.o
    0x080077a4   0x080077a4   0x00000002   Code   RO          631    i.UsageFault_Handler  stm32f7xx_it.o
    0x080077a6   0x080077a6   0x00000022   Code   RO         1898    i.__NVIC_SetPriority  stm32f7xx_hal_cortex.o
    0x080077c8   0x080077c8   0x00000002   Code   RO         6534    i._sys_exit         uart.o
    0x080077ca   0x080077ca   0x00000002   PAD
    0x080077cc   0x080077cc   0x00000094   Code   RO         6815    i.back              barrier.o
    0x08007860   0x08007860   0x00000050   Code   RO         6256    i.bofang_zhiding    openmv.o
    0x080078b0   0x080078b0   0x0000001c   Code   RO         6062    i.buzzer_off        bsp_buzzer.o
    0x080078cc   0x080078cc   0x0000001c   Code   RO         6063    i.buzzer_on         bsp_buzzer.o
    0x080078e8   0x080078e8   0x00000058   Code   RO         6345    i.check_BW          qr.o
    0x08007940   0x08007940   0x00000028   Code   RO         6257    i.close_mv          openmv.o
    0x08007968   0x08007968   0x00000028   Code   RO         6258    i.close_mvR         openmv.o
    0x08007990   0x08007990   0x0000016c   Code   RO         7008    i.deal_arrive       map.o
    0x08007afc   0x08007afc   0x00000058   Code   RO         6017    i.delay_init        delay.o
    0x08007b54   0x08007b54   0x0000001c   Code   RO         6018    i.delay_ms          delay.o
    0x08007b70   0x08007b70   0x00000014   Code   RO         6019    i.delay_us          delay.o
    0x08007b84   0x08007b84   0x00000504   Code   RO         6816    i.door              barrier.o
    0x08008088   0x08008088   0x000000f4   Code   RO         5565    i.encoder_clear     encoder.o
    0x0800817c   0x0800817c   0x00000044   Code   RO         7291    i.getAngleZ         turn.o
    0x080081c0   0x080081c0   0x00000038   Code   RO         7009    i.getNextConnectNode  map.o
    0x080081f8   0x080081f8   0x00000094   Code   RO         6155    i.get_Infrared      bsp_linefollower.o
    0x0800828c   0x0800828c   0x000000f0   Code   RO         7198    i.get_detail        scaner.o
    0x0800837c   0x0800837c   0x00000050   Code   RO         5668    i.get_motor_speed   motor_task.o
    0x080083cc   0x080083cc   0x000002fc   Code   RO         6817    i.get_newroute      barrier.o
    0x080086c8   0x080086c8   0x00000024   Code   RO         7199    i.getline_error     scaner.o
    0x080086ec   0x080086ec   0x00000052   Code   RO         7247    i.gradual_cal       speed_ctrl.o
    0x0800873e   0x0800873e   0x00000002   PAD
    0x08008740   0x08008740   0x00000014   Code   RO         6818    i.ignore_node       barrier.o
    0x08008754   0x08008754   0x00000020   Code   RO         6209    i.imu_receive_init  imu_task.o
    0x08008774   0x08008774   0x000000b4   Code   RO         6387    i.incremental_PID   pid.o
    0x08008828   0x08008828   0x000000b4   Code   RO          201    i.main              main.o
    0x080088dc   0x080088dc   0x00000088   Code   RO         5826    i.main_task         main_task.o
    0x08008964   0x08008964   0x00000030   Code   RO         5932    i.main_task_create  task_create.o
    0x08008994   0x08008994   0x00000064   Code   RO         7010    i.mapInit           map.o
    0x080089f8   0x080089f8   0x00000038   Code   RO         7011    i.mapInit1          map.o
    0x08008a30   0x08008a30   0x00000088   Code   RO         7012    i.map_function      map.o
    0x08008ab8   0x08008ab8   0x00000058   Code   RO         5628    i.motor_init        motor.o
    0x08008b10   0x08008b10   0x0000005c   Code   RO         6388    i.motor_pid_clear   pid.o
    0x08008b6c   0x08008b6c   0x000000a0   Code   RO         5629    i.motor_set_pwm     motor.o
    0x08008c0c   0x08008c0c   0x0000032c   Code   RO         5669    i.motor_task        motor_task.o
    0x08008f38   0x08008f38   0x00000030   Code   RO         5670    i.motor_task_create  motor_task.o
    0x08008f68   0x08008f68   0x00000014   Code   RO         7292    i.mpuZreset         turn.o
    0x08008f7c   0x08008f7c   0x00000038   Code   RO         6259    i.mvR_init          openmv.o
    0x08008fb4   0x08008fb4   0x00000038   Code   RO         6260    i.mv_init           openmv.o
    0x08008fec   0x08008fec   0x00000034   Code   RO         7293    i.need2turn         turn.o
    0x08009020   0x08009020   0x0000001c   Code   RO         6261    i.open_mv           openmv.o
    0x0800903c   0x0800903c   0x0000001c   Code   RO         6262    i.open_mvR          openmv.o
    0x08009058   0x08009058   0x0000000a   Code   RO         5060    i.osKernelStart     cmsis_os.o
    0x08009062   0x08009062   0x00000002   PAD
    0x08009064   0x08009064   0x00000144   Code   RO         6389    i.pid_init          pid.o
    0x080091a8   0x080091a8   0x000000e4   Code   RO         5671    i.pid_mode_switch   motor_task.o
    0x0800928c   0x0800928c   0x0000009c   Code   RO         6390    i.positional_PID    pid.o
    0x08009328   0x08009328   0x00000070   Code   RO         4743    i.prvAddCurrentTaskToDelayedList  tasks.o
    0x08009398   0x08009398   0x000000d0   Code   RO         4744    i.prvAddNewTaskToReadyList  tasks.o
    0x08009468   0x08009468   0x00000038   Code   RO         4745    i.prvDeleteTCB      tasks.o
    0x080094a0   0x080094a0   0x00000050   Code   RO         5422    i.prvHeapInit       heap_4.o
    0x080094f0   0x080094f0   0x00000060   Code   RO         4746    i.prvIdleTask       tasks.o
    0x08009550   0x08009550   0x0000009e   Code   RO         4747    i.prvInitialiseNewTask  tasks.o
    0x080095ee   0x080095ee   0x00000002   PAD
    0x080095f0   0x080095f0   0x0000004c   Code   RO         5423    i.prvInsertBlockIntoFreeList  heap_4.o
    0x0800963c   0x0800963c   0x00000020   Code   RO         4748    i.prvResetNextTaskUnblockTime  tasks.o
    0x0800965c   0x0800965c   0x00000030   Code   RO         5485    i.prvTaskExitError  port.o
    0x0800968c   0x0800968c   0x000000e4   Code   RO         5424    i.pvPortMalloc      heap_4.o
    0x08009770   0x08009770   0x00000030   Code   RO         5486    i.pxPortInitialiseStack  port.o
    0x080097a0   0x080097a0   0x00000488   Code   RO         6819    i.route_reset       barrier.o
    0x08009c28   0x08009c28   0x00000098   Code   RO         7294    i.runWithAngle      turn.o
    0x08009cc0   0x08009cc0   0x00000038   Code   RO         6536    i.uart_init         uart.o
    0x08009cf8   0x08009cf8   0x0000009c   Code   RO         6820    i.undermou          barrier.o
    0x08009d94   0x08009d94   0x00000078   Code   RO         5969    i.user_init         temporary_task.o
    0x08009e0c   0x08009e0c   0x00000026   Code   RO         4379    i.uxListRemove      list.o
    0x08009e32   0x08009e32   0x00000002   PAD
    0x08009e34   0x08009e34   0x00000018   Code   RO           14    i.vApplicationGetIdleTaskMemory  freertos.o
    0x08009e4c   0x08009e4c   0x00000016   Code   RO         4380    i.vListInitialise   list.o
    0x08009e62   0x08009e62   0x00000006   Code   RO         4381    i.vListInitialiseItem  list.o
    0x08009e68   0x08009e68   0x00000030   Code   RO         4382    i.vListInsert       list.o
    0x08009e98   0x08009e98   0x00000018   Code   RO         4383    i.vListInsertEnd    list.o
    0x08009eb0   0x08009eb0   0x00000048   Code   RO         5488    i.vPortEnterCritical  port.o
    0x08009ef8   0x08009ef8   0x0000002c   Code   RO         5489    i.vPortExitCritical  port.o
    0x08009f24   0x08009f24   0x00000064   Code   RO         5425    i.vPortFree         heap_4.o
    0x08009f88   0x08009f88   0x00000024   Code   RO         5490    i.vPortSetupTimerInterrupt  port.o
    0x08009fac   0x08009fac   0x00000050   Code   RO         4756    i.vTaskDelay        tasks.o
    0x08009ffc   0x08009ffc   0x00000098   Code   RO         4757    i.vTaskDelayUntil   tasks.o
    0x0800a094   0x0800a094   0x000000b0   Code   RO         4758    i.vTaskDelete       tasks.o
    0x0800a144   0x0800a144   0x00000070   Code   RO         4770    i.vTaskStartScheduler  tasks.o
    0x0800a1b4   0x0800a1b4   0x00000010   Code   RO         4772    i.vTaskSuspendAll   tasks.o
    0x0800a1c4   0x0800a1c4   0x00000060   Code   RO         4773    i.vTaskSwitchContext  tasks.o
    0x0800a224   0x0800a224   0x000000cc   Code   RO         6821    i.view              barrier.o
    0x0800a2f0   0x0800a2f0   0x0000003c   Code   RO         6822    i.view1             barrier.o
    0x0800a32c   0x0800a32c   0x000000c0   Code   RO         5492    i.xPortStartScheduler  port.o
    0x0800a3ec   0x0800a3ec   0x0000005a   Code   RO         4775    i.xTaskCreate       tasks.o
    0x0800a446   0x0800a446   0x0000005e   Code   RO         4776    i.xTaskCreateStatic  tasks.o
    0x0800a4a4   0x0800a4a4   0x0000000c   Code   RO         4781    i.xTaskGetTickCount  tasks.o
    0x0800a4b0   0x0800a4b0   0x000000cc   Code   RO         4783    i.xTaskIncrementTick  tasks.o
    0x0800a57c   0x0800a57c   0x000000c8   Code   RO         4789    i.xTaskResumeAll    tasks.o
    0x0800a644   0x0800a644   0x000000fc   Code   RO         6823    i.zhunbei           barrier.o
    0x0800a740   0x0800a740   0x00000062   Code   RO         7445    x$fpl$d2f           fz_wm.l(d2f.o)
    0x0800a7a2   0x0800a7a2   0x00000018   Code   RO         7499    x$fpl$dcmpinf       fz_wm.l(dcmpi.o)
    0x0800a7ba   0x0800a7ba   0x00000002   PAD
    0x0800a7bc   0x0800a7bc   0x0000005e   Code   RO         7451    x$fpl$dfix          fz_wm.l(dfix.o)
    0x0800a81a   0x0800a81a   0x0000002e   Code   RO         7456    x$fpl$dflt          fz_wm.l(dflt_clz.o)
    0x0800a848   0x0800a848   0x00000026   Code   RO         7455    x$fpl$dfltu         fz_wm.l(dflt_clz.o)
    0x0800a86e   0x0800a86e   0x00000002   PAD
    0x0800a870   0x0800a870   0x00000078   Code   RO         7461    x$fpl$dleqf         fz_wm.l(dleqf.o)
    0x0800a8e8   0x0800a8e8   0x00000154   Code   RO         7463    x$fpl$dmul          fz_wm.l(dmul.o)
    0x0800aa3c   0x0800aa3c   0x0000009c   Code   RO         7501    x$fpl$dnaninf       fz_wm.l(dnaninf.o)
    0x0800aad8   0x0800aad8   0x0000000c   Code   RO         7503    x$fpl$dretinf       fz_wm.l(dretinf.o)
    0x0800aae4   0x0800aae4   0x0000006c   Code   RO         7465    x$fpl$drleqf        fz_wm.l(drleqf.o)
    0x0800ab50   0x0800ab50   0x00000056   Code   RO         7467    x$fpl$f2d           fz_wm.l(f2d.o)
    0x0800aba6   0x0800aba6   0x0000008c   Code   RO         7505    x$fpl$fnaninf       fz_wm.l(fnaninf.o)
    0x0800ac32   0x0800ac32   0x0000000a   Code   RO         7667    x$fpl$fpinit        fz_wm.l(fpinit.o)
    0x0800ac3c   0x0800ac3c   0x0000000a   Code   RO         7507    x$fpl$fretinf       fz_wm.l(fretinf.o)
    0x0800ac46   0x0800ac46   0x00000000   Code   RO         7509    x$fpl$usenofp       fz_wm.l(usenofp.o)
    0x0800ac46   0x0800ac46   0x00000008   Data   RO         1532    .constdata          stm32f7xx_hal_dma.o
    0x0800ac4e   0x0800ac4e   0x00000010   Data   RO         4242    .constdata          system_stm32f7xx.o
    0x0800ac5e   0x0800ac5e   0x00000008   Data   RO         4243    .constdata          system_stm32f7xx.o
    0x0800ac66   0x0800ac66   0x00000002   PAD
    0x0800ac68   0x0800ac68   0x00000038   Data   RO         5672    .constdata          motor_task.o
    0x0800aca0   0x0800aca0   0x000001d8   Data   RO         6824    .constdata          barrier.o
    0x0800ae78   0x0800ae78   0x00000040   Data   RO         7201    .constdata          scaner.o
    0x0800aeb8   0x0800aeb8   0x00000020   Data   RO         7723    Region$$Table       anon$$obj.o


    Execution Region RW_IRAM1 (Exec base: 0x20000000, Load base: 0x0800aed8, Size: 0x00011940, Max: 0x00050000, ABSOLUTE, COMPRESSED[0x000005cc])

    Exec Addr    Load Addr    Size         Type   Attr      Idx    E Section Name        Object

    0x20000000   COMPRESSED   0x0000000c   Data   RW         2044    .data               stm32f7xx_hal.o
    0x2000000c   COMPRESSED   0x00000004   Data   RW         4244    .data               system_stm32f7xx.o
    0x20000010   COMPRESSED   0x0000003c   Data   RW         4792    .data               tasks.o
    0x2000004c   COMPRESSED   0x00000018   Data   RW         5430    .data               heap_4.o
    0x20000064   COMPRESSED   0x0000000c   Data   RW         5493    .data               port.o
    0x20000070   COMPRESSED   0x00000008   Data   RW         5674    .data               motor_task.o
    0x20000078   COMPRESSED   0x00000008   Data   RW         5933    .data               task_create.o
    0x20000080   COMPRESSED   0x00000001   Data   RW         6021    .data               delay.o
    0x20000081   COMPRESSED   0x00000001   Data   RW         6156    .data               bsp_linefollower.o
    0x20000082   COMPRESSED   0x00000006   Data   RW         6157    .data               bsp_linefollower.o
    0x20000088   COMPRESSED   0x00000001   Data   RW         6211    .data               imu_task.o
    0x20000089   COMPRESSED   0x00000003   PAD
    0x2000008c   COMPRESSED   0x00000012   Data   RW         6265    .data               openmv.o
    0x2000009e   COMPRESSED   0x0000000a   Data   RW         6347    .data               qr.o
    0x200000a8   COMPRESSED   0x00000010   Data   RW         6472    .data               sin_generate.o
    0x200000b8   COMPRESSED   0x00000004   Data   RW         6538    .data               uart.o
    0x200000bc   COMPRESSED   0x0000000a   Data   RW         6825    .data               barrier.o
    0x200000c6   COMPRESSED   0x0000006c   Data   RW         7014    .data               map.o
    0x20000132   COMPRESSED   0x00000064   Data   RW         7015    .data               map.o
    0x20000196   COMPRESSED   0x00000064   Data   RW         7016    .data               map.o
    0x200001fa   COMPRESSED   0x00000064   Data   RW         7017    .data               map.o
    0x2000025e   COMPRESSED   0x00000064   Data   RW         7018    .data               map.o
    0x200002c2   COMPRESSED   0x00000064   Data   RW         7019    .data               map.o
    0x20000326   COMPRESSED   0x00000064   Data   RW         7020    .data               map.o
    0x2000038a   COMPRESSED   0x00000064   Data   RW         7021    .data               map.o
    0x200003ee   COMPRESSED   0x00000064   Data   RW         7022    .data               map.o
    0x20000452   COMPRESSED   0x00000064   Data   RW         7023    .data               map.o
    0x200004b6   COMPRESSED   0x00000064   Data   RW         7024    .data               map.o
    0x2000051a   COMPRESSED   0x00000002   PAD
    0x2000051c   COMPRESSED   0x00000bd0   Data   RW         7094    .data               map_message.o
    0x200010ec   COMPRESSED   0x00000034   Data   RW         7095    .data               map_message.o
    0x20001120   COMPRESSED   0x00000035   Data   RW         7096    .data               map_message.o
    0x20001155   COMPRESSED   0x00000003   PAD
    0x20001158   COMPRESSED   0x00000008   Data   RW         7202    .data               scaner.o
    0x20001160   COMPRESSED   0x00000034   Data   RW         7251    .data               speed_ctrl.o
    0x20001194   COMPRESSED   0x00000008   Data   RW         7295    .data               turn.o
    0x2000119c        -       0x00000254   Zero   RW           15    .bss                freertos.o
    0x200013f0        -       0x00000048   Zero   RW          354    .bss                adc.o
    0x20001438        -       0x000002ac   Zero   RW          431    .bss                tim.o
    0x200016e4        -       0x00000500   Zero   RW          535    .bss                usart.o
    0x20001be4        -       0x0000004c   Zero   RW          796    .bss                stm32f7xx_hal_timebase_tim.o
    0x20001c30        -       0x000000f0   Zero   RW         4791    .bss                tasks.o
    0x20001d20        -       0x0000f000   Zero   RW         5429    .bss                heap_4.o
    0x20010d20        -       0x00000020   Zero   RW         5566    .bss                encoder.o
    0x20010d40        -       0x0000004c   Zero   RW         6020    .bss                delay.o
    0x20010d8c        -       0x000000ac   Zero   RW         6210    .bss                imu_task.o
    0x20010e38        -       0x00000110   Zero   RW         6264    .bss                openmv.o
    0x20010f48        -       0x0000000c   Zero   RW         6346    .bss                qr.o
    0x20010f54        -       0x00000140   Zero   RW         6395    .bss                pid.o
    0x20011094        -       0x0000001c   Zero   RW         6396    .bss                pid.o
    0x200110b0        -       0x0000001c   Zero   RW         6397    .bss                pid.o
    0x200110cc        -       0x0000001c   Zero   RW         6398    .bss                pid.o
    0x200110e8        -       0x0000004c   Zero   RW         6471    .bss                sin_generate.o
    0x20011134        -       0x00000150   Zero   RW         6537    .bss                uart.o
    0x20011284        -       0x00000034   Zero   RW         7013    .bss                map.o
    0x200112b8        -       0x0000000c   Zero   RW         7200    .bss                scaner.o
    0x200112c4        -       0x0000000c   Zero   RW         7248    .bss                speed_ctrl.o
    0x200112d0        -       0x0000000c   Zero   RW         7249    .bss                speed_ctrl.o
    0x200112dc        -       0x00000060   Zero   RW         7583    .bss                c_w.l(libspace.o)
    0x2001133c   COMPRESSED   0x00000004   PAD
    0x20011340        -       0x00000200   Zero   RW            2    HEAP                startup_stm32f750xx.o
    0x20011540        -       0x00000400   Zero   RW            1    STACK               startup_stm32f750xx.o


==============================================================================

Image component sizes


      Code (inc. data)   RO Data    RW Data    ZI Data      Debug   Object Name

       196         28          0          0         72       1705   adc.o
      9676       1010        472         10          0      23354   barrier.o
        56         10          0          0          0        989   bsp_buzzer.o
       148         18          0          7          0       1855   bsp_linefollower.o
        10          0          0          0          0      21046   cmsis_os.o
       208         32          0          1         76       2764   delay.o
        60          4          0          0          0        782   dma.o
       600         88          0          0         32       3265   encoder.o
         0          0          0          0          0      15748   event_groups.o
        26          6          0          0        596     890223   freertos.o
       348         26          0          0          0       1087   gpio.o
       484         24          0         24      61440       7367   heap_4.o
       780         52          0          0          0       5404   iic.o
       288         44          0          1        172       2631   imu_task.o
       138          0          0          0          0       3538   list.o
       344         24          0          0          0       2560   main.o
       136         14          0          0          0        764   main_task.o
      2876        268          0       1108         52       8577   map.o
         0          0          0       3129          0       2608   map_message.o
       248         28          0          0          0       4413   motor.o
      1168        172         56          8          0       3635   motor_task.o
       624         76          0         18        272       5843   openmv.o
       752         56          0          0        404       4432   pid.o
       682         70          0         12          0      11320   port.o
       308         34          0         10         12       2388   qr.o
       302          8          0          0          0       2854   rudder_control.o
      1056         80         64          8         12       5867   scaner.o
       120         20          0         16         76       2016   sin_generate.o
       114          8          0         52         24       2544   speed_ctrl.o
        64         26        456          0       1536        844   startup_stm32f750xx.o
        50         10          0         12          0       7710   stm32f7xx_hal.o
       844         30          0          0          0       2863   stm32f7xx_hal_adc.o
       160         12          0          0          0      38182   stm32f7xx_hal_cortex.o
      1116         16          8          0          0       7973   stm32f7xx_hal_dma.o
       620         54          0          0          0       3568   stm32f7xx_hal_gpio.o
        48          6          0          0          0        846   stm32f7xx_hal_msp.o
       108          8          0          0          0       1264   stm32f7xx_hal_pwr_ex.o
      1432         76          0          0          0       5869   stm32f7xx_hal_rcc.o
      1276         16          0          0          0       2284   stm32f7xx_hal_rcc_ex.o
      2940        200          0          0          0      21939   stm32f7xx_hal_tim.o
       330         40          0          0          0       4024   stm32f7xx_hal_tim_ex.o
       152         20          0          0         76       1480   stm32f7xx_hal_timebase_tim.o
      3268         98          0          0          0      20894   stm32f7xx_hal_uart.o
       264        114          0          0          0      10962   stm32f7xx_it.o
         0          0          0          0          0        380   stream_buffer.o
         0          0          0          0          0        640   sys.o
        16          4         24          4          0       1127   system_stm32f7xx.o
        92         42          0          8          0       1244   task_create.o
      1894        136          0         60        240      22270   tasks.o
       156         14          0          0          0       1217   temporary_task.o
      1968        158          0          0        684       8825   tim.o
      1008        160          0          8          0       6593   turn.o
       214         36          0          4        336       4118   uart.o
      1340        104          0          0       1280       5366   usart.o

    ----------------------------------------------------------------------
     41152       3580       1114       4508      67392    1224061   Object Totals
         0          0         32          0          0          0   (incl. Generated)
        44          0          2          8          0          0   (incl. Padding)

    ----------------------------------------------------------------------

      Code (inc. data)   RO Data    RW Data    ZI Data      Debug   Library Member Name

        90          0          0          0          0          0   __dczerorl2.o
         8          0          0          0          0         68   __main.o
         0          0          0          0          0          0   __rtentry.o
        12          0          0          0          0          0   __rtentry2.o
         6          0          0          0          0          0   __rtentry4.o
        52          8          0          0          0          0   __scatter.o
        28          0          0          0          0          0   __scatter_zi.o
        18          0          0          0          0         80   exit.o
         6          0          0          0          0        152   heapauxi.o
         2          0          0          0          0          0   libinit.o
         6          0          0          0          0          0   libinit2.o
         2          0          0          0          0          0   libshutdown.o
         2          0          0          0          0          0   libshutdown2.o
         8          4          0          0         96         68   libspace.o
       238          0          0          0          0        100   lludivv7m.o
        68          0          0          0          0         68   rt_memclr.o
        78          0          0          0          0         80   rt_memclr_w.o
       138          0          0          0          0         68   rt_memcpy_v6.o
       100          0          0          0          0         80   rt_memcpy_w.o
       132          0          0          0          0         68   rt_memmove_v6.o
       122          0          0          0          0         80   rt_memmove_w.o
         2          0          0          0          0          0   rtexit.o
        10          0          0          0          0          0   rtexit2.o
        74          0          0          0          0         80   sys_stackheap_outer.o
        98          4          0          0          0        140   d2f.o
        24          0          0          0          0        116   dcmpi.o
        94          4          0          0          0        140   dfix.o
        84          0          0          0          0        232   dflt_clz.o
       120          4          0          0          0        140   dleqf.o
       340         12          0          0          0        152   dmul.o
       156          4          0          0          0        140   dnaninf.o
        12          0          0          0          0        116   dretinf.o
       108          0          0          0          0        128   drleqf.o
        86          4          0          0          0        132   f2d.o
       140          4          0          0          0        132   fnaninf.o
        10          0          0          0          0        116   fpinit.o
        10          0          0          0          0        116   fretinf.o
         0          0          0          0          0          0   usenofp.o

    ----------------------------------------------------------------------
      2494         48          0          0        100       2792   Library Totals
        10          0          0          0          4          0   (incl. Padding)

    ----------------------------------------------------------------------

      Code (inc. data)   RO Data    RW Data    ZI Data      Debug   Library Name

      1202         12          0          0         96        992   c_w.l
      1282         36          0          0          0       1800   fz_wm.l

    ----------------------------------------------------------------------
      2494         48          0          0        100       2792   Library Totals

    ----------------------------------------------------------------------

==============================================================================


      Code (inc. data)   RO Data    RW Data    ZI Data      Debug   

     43646       3628       1114       4508      67492    1199137   Grand Totals
     43646       3628       1114       1484      67492    1199137   ELF Image Totals (compressed)
     43646       3628       1114       1484          0          0   ROM Totals

==============================================================================

    Total RO  Size (Code + RO Data)                44760 (  43.71kB)
    Total RW  Size (RW Data + ZI Data)             72000 (  70.31kB)
    Total ROM Size (Code + RO Data + RW Data)      46244 (  45.16kB)

==============================================================================

